Archive member included because of file (symbol)

/usr/local/CrossPack-AVR-20131216/lib/gcc/avr/4.8.1/../../../../avr/lib/avr5/libprintf_flt.a(vfprintf_flt.o)
                              (vfprintf)
/usr/local/CrossPack-AVR-20131216/lib/gcc/avr/4.8.1/avr5/libgcc.a(_mulpsi3.o)
                              ./net/dhcp_client.o (__mulpsi3)
/usr/local/CrossPack-AVR-20131216/lib/gcc/avr/4.8.1/avr5/libgcc.a(_mulsi3.o)
                              ./sensors/bme280.o (__mulsi3)
/usr/local/CrossPack-AVR-20131216/lib/gcc/avr/4.8.1/avr5/libgcc.a(_udivmodhi4.o)
                              ./lcd/5110.o (__udivmodhi4)
/usr/local/CrossPack-AVR-20131216/lib/gcc/avr/4.8.1/avr5/libgcc.a(_divmodhi4.o)
                              ./app/UI.o (__divmodhi4)
/usr/local/CrossPack-AVR-20131216/lib/gcc/avr/4.8.1/avr5/libgcc.a(_udivmodsi4.o)
                              ./time/timecounter.o (__udivmodsi4)
/usr/local/CrossPack-AVR-20131216/lib/gcc/avr/4.8.1/avr5/libgcc.a(_divmodsi4.o)
                              ./sensors/bmp180.o (__divmodsi4)
/usr/local/CrossPack-AVR-20131216/lib/gcc/avr/4.8.1/avr5/libgcc.a(_negsi2.o)
                              /usr/local/CrossPack-AVR-20131216/lib/gcc/avr/4.8.1/avr5/libgcc.a(_divmodsi4.o) (__negsi2)
/usr/local/CrossPack-AVR-20131216/lib/gcc/avr/4.8.1/avr5/libgcc.a(_exit.o)
                              /usr/local/CrossPack-AVR-20131216/lib/gcc/avr/4.8.1/../../../../avr/lib/avr5/crtm328p.o (exit)
/usr/local/CrossPack-AVR-20131216/lib/gcc/avr/4.8.1/avr5/libgcc.a(_tablejump.o)
                              ./geiger/detectors.o (__tablejump2__)
/usr/local/CrossPack-AVR-20131216/lib/gcc/avr/4.8.1/avr5/libgcc.a(_copy_data.o)
                              ./net/dhcp_client.o (__do_copy_data)
/usr/local/CrossPack-AVR-20131216/lib/gcc/avr/4.8.1/avr5/libgcc.a(_clear_bss.o)
                              ./net/dhcp_client.o (__do_clear_bss)
/usr/local/CrossPack-AVR-20131216/lib/gcc/avr/4.8.1/avr5/libgcc.a(_ctors.o)
                              ./uRADMonitor.o (__do_global_ctors)
/usr/local/CrossPack-AVR-20131216/lib/gcc/avr/4.8.1/avr5/libgcc.a(_umulhisi3.o)
                              /usr/local/CrossPack-AVR-20131216/lib/gcc/avr/4.8.1/avr5/libgcc.a(_mulpsi3.o) (__umulhisi3)
/usr/local/CrossPack-AVR-20131216/lib/gcc/avr/4.8.1/avr5/libgcc.a(_muluhisi3.o)
                              ./sensors/bme280.o (__muluhisi3)
/usr/local/CrossPack-AVR-20131216/lib/gcc/avr/4.8.1/avr5/libgcc.a(_mulshisi3.o)
                              ./sensors/bme280.o (__mulshisi3)
/usr/local/CrossPack-AVR-20131216/lib/gcc/avr/4.8.1/avr5/libgcc.a(_prologue.o)
                              /usr/local/CrossPack-AVR-20131216/lib/gcc/avr/4.8.1/../../../../avr/lib/avr5/libprintf_flt.a(vfprintf_flt.o) (__prologue_saves__)
/usr/local/CrossPack-AVR-20131216/lib/gcc/avr/4.8.1/avr5/libgcc.a(_epilogue.o)
                              /usr/local/CrossPack-AVR-20131216/lib/gcc/avr/4.8.1/../../../../avr/lib/avr5/libprintf_flt.a(vfprintf_flt.o) (__epilogue_restores__)
/usr/local/CrossPack-AVR-20131216/lib/gcc/avr/4.8.1/../../../../avr/lib/avr5/libm.a(addsf3.o)
                              ./sensors/bmp180.o (__subsf3)
/usr/local/CrossPack-AVR-20131216/lib/gcc/avr/4.8.1/../../../../avr/lib/avr5/libm.a(addsf3x.o)
                              /usr/local/CrossPack-AVR-20131216/lib/gcc/avr/4.8.1/../../../../avr/lib/avr5/libm.a(addsf3.o) (__addsf3x)
/usr/local/CrossPack-AVR-20131216/lib/gcc/avr/4.8.1/../../../../avr/lib/avr5/libm.a(cmpsf2.o)
                              ./app/UI.o (__ltsf2)
/usr/local/CrossPack-AVR-20131216/lib/gcc/avr/4.8.1/../../../../avr/lib/avr5/libm.a(divsf3.o)
                              ./sensors/bme280.o (__divsf3)
/usr/local/CrossPack-AVR-20131216/lib/gcc/avr/4.8.1/../../../../avr/lib/avr5/libm.a(divsf3x.o)
                              /usr/local/CrossPack-AVR-20131216/lib/gcc/avr/4.8.1/../../../../avr/lib/avr5/libm.a(divsf3.o) (__divsf3x)
/usr/local/CrossPack-AVR-20131216/lib/gcc/avr/4.8.1/../../../../avr/lib/avr5/libm.a(fixsfsi.o)
                              ./misc/utils.o (__fixsfsi)
/usr/local/CrossPack-AVR-20131216/lib/gcc/avr/4.8.1/../../../../avr/lib/avr5/libm.a(fixunssfsi.o)
                              ./misc/utils.o (__fixunssfsi)
/usr/local/CrossPack-AVR-20131216/lib/gcc/avr/4.8.1/../../../../avr/lib/avr5/libm.a(floatsisf.o)
                              ./misc/utils.o (__floatunsisf)
/usr/local/CrossPack-AVR-20131216/lib/gcc/avr/4.8.1/../../../../avr/lib/avr5/libm.a(fp_cmp.o)
                              /usr/local/CrossPack-AVR-20131216/lib/gcc/avr/4.8.1/../../../../avr/lib/avr5/libm.a(cmpsf2.o) (__fp_cmp)
/usr/local/CrossPack-AVR-20131216/lib/gcc/avr/4.8.1/../../../../avr/lib/avr5/libm.a(fp_inf.o)
                              /usr/local/CrossPack-AVR-20131216/lib/gcc/avr/4.8.1/../../../../avr/lib/avr5/libm.a(addsf3x.o) (__fp_inf)
/usr/local/CrossPack-AVR-20131216/lib/gcc/avr/4.8.1/../../../../avr/lib/avr5/libm.a(fp_nan.o)
[...]
Memory Configuration

Name             Origin             Length             Attributes
text             0x00000000         0x00020000         xr
data             0x00800060         0x0000ffa0         rw !x
eeprom           0x00810000         0x00010000         rw !x
fuse             0x00820000         0x00000400         rw !x
lock             0x00830000         0x00000400         rw !x
signature        0x00840000         0x00000400         rw !x
user_signatures  0x00850000         0x00000400         rw !x
*default*        0x00000000         0xffffffff

Linker script and memory map

Address of section .data set to 0x800100
LOAD /usr/local/CrossPack-AVR-20131216/lib/gcc/avr/4.8.1/../../../../avr/lib/avr5/crtm328p.o
LOAD /usr/local/CrossPack-AVR-20131216/lib/gcc/avr/4.8.1/../../../../avr/lib/avr5/libprintf_flt.a
LOAD ./time/timecounter.o
LOAD ./time/watchdog.o
LOAD ./sensors/bme280.o
LOAD ./sensors/bmp180.o
LOAD ./net/dhcp_client.o
LOAD ./net/dnslkup.o
LOAD ./net/enc28j60.o
LOAD ./net/ip_arp_udp_tcp.o
LOAD ./misc/morse.o
LOAD ./misc/utils.o
LOAD ./lcd/5110.o
LOAD ./i2c/i2c.o
LOAD ./gpio/DigitalPin.o
LOAD ./geiger/detectors.o
LOAD ./geiger/inverter.o
LOAD ./app/UI.o
LOAD ./app/data.o
LOAD ./uRADMonitor.o
LOAD /usr/local/CrossPack-AVR-20131216/lib/gcc/avr/4.8.1/avr5/libgcc.a
LOAD /usr/local/CrossPack-AVR-20131216/lib/gcc/avr/4.8.1/../../../../avr/lib/avr5/libm.a
START GROUP
LOAD /usr/local/CrossPack-AVR-20131216/lib/gcc/avr/4.8.1/avr5/libgcc.a
LOAD /usr/local/CrossPack-AVR-20131216/lib/gcc/avr/4.8.1/../../../../avr/lib/avr5/libm.a
LOAD /usr/local/CrossPack-AVR-20131216/lib/gcc/avr/4.8.1/../../../../avr/lib/avr5/libc.a
END GROUP

.hash
 *(.hash)

.dynsym
 *(.dynsym)

.dynstr
 *(.dynstr)

.gnu.version
 *(.gnu.version)

.gnu.version_d
 *(.gnu.version_d)

.gnu.version_r
 *(.gnu.version_r)

.rel.init
 *(.rel.init)

.rela.init
 *(.rela.init)

.rel.text
 *(.rel.text)
 *(.rel.text.*)
 *(.rel.gnu.linkonce.t*)

.rela.text
 *(.rela.text)
 *(.rela.text.*)
 *(.rela.gnu.linkonce.t*)

.rel.fini
 *(.rel.fini)

.rela.fini
 *(.rela.fini)

.rel.rodata
 *(.rel.rodata)
 *(.rel.rodata.*)
 *(.rel.gnu.linkonce.r*)

.rela.rodata
 *(.rela.rodata)
 *(.rela.rodata.*)
 *(.rela.gnu.linkonce.r*)

.rel.data
 *(.rel.data)
 *(.rel.data.*)
 *(.rel.gnu.linkonce.d*)

.rela.data
 *(.rela.data)
 *(.rela.data.*)
 *(.rela.gnu.linkonce.d*)

.rel.ctors
 *(.rel.ctors)

.rela.ctors
 *(.rela.ctors)

.rel.dtors
 *(.rel.dtors)

.rela.dtors
 *(.rela.dtors)

.rel.got
 *(.rel.got)

.rela.got
 *(.rela.got)

.rel.bss
 *(.rel.bss)

.rela.bss
 *(.rela.bss)

.rel.plt
 *(.rel.plt)

.rela.plt
 *(.rela.plt)

.text           0x00000000     0x6b42
 *(.vectors)
 .vectors       0x00000000       0x68 /usr/local/CrossPack-AVR-20131216/lib/gcc/avr/4.8.1/../../../../avr/lib/avr5/crtm328p.o
                0x00000000                __vectors
                0x00000000                __vector_default
 *(.vectors)
 *(.progmem.gcc*)
 .progmem.gcc_sw_table._Z18aux_detectorFactorh
                0x00000068       0x16 ./geiger/detectors.o
                0x0000007e                . = ALIGN (0x2)
                0x0000007e                __trampolines_start = .
 *(.trampolines)
 .trampolines   0x0000007e        0x0 linker stubs
 *(.trampolines*)
                0x0000007e                __trampolines_end = .
 *(.progmem*)
 .progmem.data  0x0000007e        0x8 /usr/local/CrossPack-AVR-20131216/lib/gcc/avr/4.8.1/../../../../avr/lib/avr5/libprintf_flt.a(vfprintf_flt.o)
 .progmem.data._ZZ37www_client_internal_datafill_callbackhE3__c_7
                0x00000086       0x36 ./net/ip_arp_udp_tcp.o
 .progmem.data._ZZ37www_client_internal_datafill_callbackhE3__c_6
                0x000000bc       0x11 ./net/ip_arp_udp_tcp.o
 .progmem.data._ZZ37www_client_internal_datafill_callbackhE3__c_5
                0x000000cd        0xe ./net/ip_arp_udp_tcp.o
 .progmem.data._ZZ37www_client_internal_datafill_callbackhE3__c_4
                0x000000db       0x20 ./net/ip_arp_udp_tcp.o
 .progmem.data._ZZ37www_client_internal_datafill_callbackhE3__c_3
                0x000000fb       0x12 ./net/ip_arp_udp_tcp.o
 .progmem.data._ZZ37www_client_internal_datafill_callbackhE3__c_2
                0x0000010d        0x6 ./net/ip_arp_udp_tcp.o
 .progmem.data._ZZ37www_client_internal_datafill_callbackhE3__c_1
                0x00000113       0x35 ./net/ip_arp_udp_tcp.o
 .progmem.data._ZZ37www_client_internal_datafill_callbackhE3__c_0
                0x00000148       0x12 ./net/ip_arp_udp_tcp.o
 .progmem.data._ZZ37www_client_internal_datafill_callbackhE3__c
                0x0000015a        0x5 ./net/ip_arp_udp_tcp.o
 .progmem.data._ZL9arpreqhdr
                0x0000015f        0x8 ./net/ip_arp_udp_tcp.o
 .progmem.data._ZL5iphdr
                0x00000167        0x9 ./net/ip_arp_udp_tcp.o
 .progmem.data._ZL7font5x7
                0x00000170      0x271 ./lcd/5110.o
 .progmem.data._ZZN2UI8drawPageEvE3__c_2
                0x000003e1       0x28 ./app/UI.o
 .progmem.data._ZZN2UI8drawPageEvE3__c_1
                0x00000409       0x52 ./app/UI.o
 .progmem.data._ZZN2UI8drawPageEvE3__c_0
                0x0000045b       0x54 ./app/UI.o
 .progmem.data._ZZN2UI8drawPageEvE3__c
                0x000004af       0x6e ./app/UI.o
 .progmem.data._ZZN2UI9labelDoseEfE3__c_2
                0x0000051d        0xb ./app/UI.o
 .progmem.data._ZZN2UI9labelDoseEfE3__c_1
                0x00000528        0xb ./app/UI.o
 .progmem.data._ZZN2UI9labelDoseEfE3__c_0
                0x00000533        0xb ./app/UI.o
 .progmem.data._ZZN2UI9labelDoseEfE3__c
                0x0000053e        0xb ./app/UI.o
 .progmem.data._ZZ4mainE3__c_22
                0x00000549       0x50 ./uRADMonitor.o
 .progmem.data._ZZ4mainE3__c_21
                0x00000599       0x21 ./uRADMonitor.o
 .progmem.data._ZZ4mainE3__c_20
                0x000005ba       0x1a ./uRADMonitor.o
 .progmem.data._ZZ4mainE3__c_19
                0x000005d4       0x29 ./uRADMonitor.o
 .progmem.data._ZZ4mainE3__c_18
                0x000005fd       0x20 ./uRADMonitor.o
 .progmem.data._ZZ4mainE3__c_17
                0x0000061d       0x32 ./uRADMonitor.o
 .progmem.data._ZZ4mainE3__c_16
                0x0000064f       0x13 ./uRADMonitor.o
 .progmem.data._ZZ4mainE3__c_15
                0x00000662       0x28 ./uRADMonitor.o
 .progmem.data._ZZ4mainE3__c_13
                0x0000068a       0x15 ./uRADMonitor.o
 .progmem.data._ZZ4mainE3__c_12
                0x0000069f       0x1b ./uRADMonitor.o
 .progmem.data._ZZ4mainE3__c_11
                0x000006ba       0x1d ./uRADMonitor.o
 .progmem.data._ZZ4mainE3__c_10
                0x000006d7       0x3f ./uRADMonitor.o
 .progmem.data._ZZ4mainE3__c_9
                0x00000716       0x10 ./uRADMonitor.o
 .progmem.data._ZZ4mainE3__c_8
                0x00000726       0x33 ./uRADMonitor.o
 .progmem.data._ZZ4mainE3__c_7
                0x00000759       0x27 ./uRADMonitor.o
 .progmem.data._ZZ4mainE3__c_6
                0x00000780       0x18 ./uRADMonitor.o
 .progmem.data._ZZ4mainE3__c_5
                0x00000798       0x3f ./uRADMonitor.o
 .progmem.data._ZZ4mainE3__c_3
                0x000007d7       0x14 ./uRADMonitor.o
 .progmem.data._ZZ4mainE3__c_4
                0x000007eb       0x15 ./uRADMonitor.o
 .progmem.data._ZZ4mainE3__c_2
                0x00000800       0x43 ./uRADMonitor.o
 .progmem.data._ZZ4mainE3__c_1
                0x00000843       0x32 ./uRADMonitor.o
 .progmem.data._ZZ4mainE3__c_0
                0x00000875       0x11 ./uRADMonitor.o
 .progmem.data._ZZ4mainE3__c
                0x00000886       0x55 ./uRADMonitor.o
 .progmem.data._ZZ16callback_browserjjjE3__c_1
                0x000008db        0x6 ./uRADMonitor.o
 .progmem.data._ZZ16callback_browserjjjE3__c_0
                0x000008e1        0x6 ./uRADMonitor.o
 .progmem.data._ZZ16callback_browserjjjE3__c
                0x000008e7        0x5 ./uRADMonitor.o
 .progmem.data._ZL11introScreen
                0x000008ec      0x1f8 ./uRADMonitor.o
 .progmem.data  0x00000ae4       0xfa /usr/local/CrossPack-AVR-20131216/lib/gcc/avr/4.8.1/../../../../avr/lib/avr5/libc.a(ftoa_engine.o)
                0x00000bde                . = ALIGN (0x2)
 *(.jumptables)
 *(.jumptables*)
 *(.lowtext)
 *(.lowtext*)
                0x00000bde                __ctors_start = .
 *(.ctors)
 .ctors         0x00000bde        0x2 ./uRADMonitor.o
                0x00000be0                __ctors_end = .
                0x00000be0                __dtors_start = .
 *(.dtors)
                0x00000be0                __dtors_end = .
 SORT(*)(.ctors)
 SORT(*)(.dtors)
 *(.init0)
 .init0         0x00000be0        0x0 /usr/local/CrossPack-AVR-20131216/lib/gcc/avr/4.8.1/../../../../avr/lib/avr5/crtm328p.o
                0x00000be0                __init
 *(.init0)
 *(.init1)
 *(.init1)
 *(.init2)
 .init2         0x00000be0        0xc /usr/local/CrossPack-AVR-20131216/lib/gcc/avr/4.8.1/../../../../avr/lib/avr5/crtm328p.o
 *(.init2)
 *(.init3)
 .init3         0x00000bec        0x2 ./uRADMonitor.o
                0x00000bec                _Z9early_runv
 *(.init3)
 *(.init4)
 .init4         0x00000bee       0x16 /usr/local/CrossPack-AVR-20131216/lib/gcc/avr/4.8.1/avr5/libgcc.a(_copy_data.o)
                0x00000bee                __do_copy_data
 .init4         0x00000c04       0x10 /usr/local/CrossPack-AVR-20131216/lib/gcc/avr/4.8.1/avr5/libgcc.a(_clear_bss.o)
                0x00000c04                __do_clear_bss
 *(.init4)
 *(.init5)
 *(.init5)
 *(.init6)
 .init6         0x00000c14       0x16 /usr/local/CrossPack-AVR-20131216/lib/gcc/avr/4.8.1/avr5/libgcc.a(_ctors.o)
                0x00000c14                __do_global_ctors
 *(.init6)
 *(.init7)
 *(.init7)
 *(.init8)
 *(.init8)
 *(.init9)
 .init9         0x00000c2a        0x8 /usr/local/CrossPack-AVR-20131216/lib/gcc/avr/4.8.1/../../../../avr/lib/avr5/crtm328p.o
 *(.init9)
 *(.text)
 .text          0x00000c32        0x2 /usr/local/CrossPack-AVR-20131216/lib/gcc/avr/4.8.1/../../../../avr/lib/avr5/crtm328p.o
                0x00000c32                __vector_20
                0x00000c32                __vector_24
                0x00000c32                __vector_12
                0x00000c32                __bad_interrupt
                0x00000c32                __vector_3
                0x00000c32                __vector_23
                0x00000c32                __vector_25
                0x00000c32                __vector_11
                0x00000c32                __vector_13
                0x00000c32                __vector_17
                0x00000c32                __vector_19
                0x00000c32                __vector_7
                0x00000c32                __vector_5
                0x00000c32                __vector_4
                0x00000c32                __vector_9
                0x00000c32                __vector_2
                0x00000c32                __vector_21
                0x00000c32                __vector_15
                0x00000c32                __vector_8
                0x00000c32                __vector_14
                0x00000c32                __vector_10
                0x00000c32                __vector_18
                0x00000c32                __vector_22
                0x00000c34                . = ALIGN (0x2)
 *(.text.*)
 .text.avr-libc
                0x00000c34      0x6f6 /usr/local/CrossPack-AVR-20131216/lib/gcc/avr/4.8.1/../../../../avr/lib/avr5/libprintf_flt.a(vfprintf_flt.o)
                0x00000c34                vfprintf
 .text._ZN11TimeCounter4initEPFvvES1_
                0x0000132a       0x1e ./time/timecounter.o
                0x0000132a                _ZN11TimeCounter4initEPFvvES1_
 .text._ZN11TimeCounter6getSecEv
                0x00001348       0x1a ./time/timecounter.o
                0x00001348                _ZN11TimeCounter6getSecEv
 .text._ZN11TimeCounter6getMinEv
                0x00001362       0x3c ./time/timecounter.o
                0x00001362                _ZN11TimeCounter6getMinEv
 .text._ZN11TimeCounter7getHourEv
                0x0000139e       0x2a ./time/timecounter.o
                0x0000139e                _ZN11TimeCounter7getHourEv
 .text._ZN11TimeCounter10TimerEventEv
                0x000013c8       0x82 ./time/timecounter.o
                0x000013c8                _ZN11TimeCounter10TimerEventEv
 .text._ZN11TimeCounter10startCountEh
                0x0000144a       0x2e ./time/timecounter.o
                0x0000144a                _ZN11TimeCounter10startCountEh
 .text._ZN11TimeCounter8getCountEh
                0x00001478       0x50 ./time/timecounter.o
                0x00001478                _ZN11TimeCounter8getCountEh
 .text._ZN8Watchdog17wdt_first_disableEv
                0x000014c8       0x14 ./time/watchdog.o
                0x000014c8                _ZN8Watchdog17wdt_first_disableEv
 .text._ZN8Watchdog8wdt_initEm
                0x000014dc       0x28 ./time/watchdog.o
                0x000014dc                _ZN8Watchdog8wdt_initEm
 .text._ZN8Watchdog20wdt_setRebootSecondsEm
                0x00001504        0xc ./time/watchdog.o
                0x00001504                _ZN8Watchdog20wdt_setRebootSecondsEm
 .text._ZN8Watchdog20wdt_getRebootSecondsEv
                0x00001510        0xc ./time/watchdog.o
                0x00001510                _ZN8Watchdog20wdt_getRebootSecondsEv
 .text._ZN8Watchdog15wdt_get_counterEv
                0x0000151c        0x8 ./time/watchdog.o
                0x0000151c                _ZN8Watchdog15wdt_get_counterEv
 .text._ZN8Watchdog12wdt_my_resetEv
                0x00001524        0xe ./time/watchdog.o
                0x00001524                _ZN8Watchdog12wdt_my_resetEv
 .text._ZN8Watchdog13wdt_hw_rebootEv
                0x00001532        0xe ./time/watchdog.o
                0x00001532                _ZN8Watchdog13wdt_hw_rebootEv
 .text._ZN6BME28014getcalibrationEv
                0x00001540      0x15e ./sensors/bme280.o
                0x00001540                _ZN6BME28014getcalibrationEv
 .text._ZN6BME2805beginEh
                0x0000169e       0x52 ./sensors/bme280.o
                0x0000169e                _ZN6BME2805beginEh
 .text._ZN6BME28011readSensorsEPdPmS0_
                0x000016f0      0x606 ./sensors/bme280.o
                0x000016f0                _ZN6BME28011readSensorsEPdPmS0_
 .text._Z26make_dhcp_message_templatePhh
                0x00001cf6       0xe6 ./net/dhcp_client.o
                0x00001cf6                _Z26make_dhcp_message_templatePhh
 .text._Z18send_dhcp_discoverPhh
                0x00001ddc       0xac ./net/dhcp_client.o
                0x00001ddc                _Z18send_dhcp_discoverPhh
 .text._Z21dhcp_get_message_typePhj
                0x00001e88       0x4c ./net/dhcp_client.o
                0x00001e88                _Z21dhcp_get_message_typePhj
 .text._Z15dhcp_get_yiaddrPhj
                0x00001ed4       0x30 ./net/dhcp_client.o
                0x00001ed4                _Z15dhcp_get_yiaddrPhj
 .text._Z18is_dhcp_msg_for_mePhjh
                0x00001f04       0x26 ./net/dhcp_client.o
                0x00001f04                _Z18is_dhcp_msg_for_mePhjh
 .text._Z17dhcp_is_renew_tidPhj
                0x00001f2a       0x16 ./net/dhcp_client.o
                0x00001f2a                _Z17dhcp_is_renew_tidPhj
 .text._Z18dhcp_option_parserPhj
                0x00001f40      0x1dc ./net/dhcp_client.o
                0x00001f40                _Z18dhcp_option_parserPhj
 .text._Z17send_dhcp_requestPhh
                0x0000211c      0x146 ./net/dhcp_client.o
                0x0000211c                _Z17send_dhcp_requestPhh
 .text._Z37packetloop_dhcp_initial_ip_assignmentPhjhPc
                0x00002262      0x102 ./net/dhcp_client.o
                0x00002262                _Z37packetloop_dhcp_initial_ip_assignmentPhjhPc
 .text._Z14dhcp_get_my_ipPhS_S_
                0x00002364       0x68 ./net/dhcp_client.o
                0x00002364                _Z14dhcp_get_my_ipPhS_S_
 .text._Z18dnslkup_haveanswerv
                0x000023cc        0x6 ./net/dnslkup.o
                0x000023cc                _Z18dnslkup_haveanswerv
 .text._Z14dnslkup_get_ipPh
                0x000023d2       0x16 ./net/dnslkup.o
                0x000023d2                _Z14dnslkup_get_ipPh
 .text._Z15dnslkup_requestPhPKcPKh
                0x000023e8      0x104 ./net/dnslkup.o
                0x000023e8                _Z15dnslkup_requestPhPKcPKh
 .text._Z31udp_client_check_for_dns_answerPhj
                0x000024ec       0xe2 ./net/dnslkup.o
                0x000024ec                _Z31udp_client_check_for_dns_answerPhj
 .text._Z14enc28j60ReadOphh
                0x000025ce       0x2c ./net/enc28j60.o
                0x000025ce                _Z14enc28j60ReadOphh
 .text._Z15enc28j60WriteOphhh
                0x000025fa       0x1a ./net/enc28j60.o
                0x000025fa                _Z15enc28j60WriteOphhh
 .text._Z18enc28j60ReadBufferjPh
                0x00002614       0x2c ./net/enc28j60.o
                0x00002614                _Z18enc28j60ReadBufferjPh
 .text._Z19enc28j60WriteBufferjPh
                0x00002640       0x2a ./net/enc28j60.o
                0x00002640                _Z19enc28j60WriteBufferjPh
 .text._Z15enc28j60SetBankh
                0x0000266a       0x40 ./net/enc28j60.o
                0x0000266a                _Z15enc28j60SetBankh
 .text._Z12enc28j60Readh
                0x000026aa       0x1c ./net/enc28j60.o
                0x000026aa                _Z12enc28j60Readh
 .text._Z13enc28j60Writehh
                0x000026c6       0x22 ./net/enc28j60.o
                0x000026c6                _Z13enc28j60Writehh
 .text._Z15enc28j60PhyReadh
                0x000026e8       0x38 ./net/enc28j60.o
                0x000026e8                _Z15enc28j60PhyReadh
 .text._Z16enc28j60PhyWritehj
                0x00002720       0x40 ./net/enc28j60.o
                0x00002720                _Z16enc28j60PhyWritehj
 .text._Z12enc28j60InitPh
                0x00002760      0x108 ./net/enc28j60.o
                0x00002760                _Z12enc28j60InitPh
 .text._Z23enc28j60EnableBroadcastv
                0x00002868        0xc ./net/enc28j60.o
                0x00002868                _Z23enc28j60EnableBroadcastv
 .text._Z24enc28j60DisableBroadcastv
                0x00002874        0xc ./net/enc28j60.o
                0x00002874                _Z24enc28j60DisableBroadcastv
 .text._Z14enc28j60linkupv
                0x00002880        0xc ./net/enc28j60.o
                0x00002880                _Z14enc28j60linkupv
 .text._Z18enc28j60PacketSendjPh
                0x0000288c       0x78 ./net/enc28j60.o
                0x0000288c                _Z18enc28j60PacketSendjPh
 .text._Z21enc28j60PacketReceivejPh
                0x00002904       0xdc ./net/enc28j60.o
                0x00002904                _Z21enc28j60PacketReceivejPh
 .text._Z9powerDownv
                0x000029e0       0x28 ./net/enc28j60.o
                0x000029e0                _Z9powerDownv
 .text._Z35www_client_internal_result_callbackhhjj
                0x00002a08       0xca ./net/ip_arp_udp_tcp.o
                0x00002a08                _Z35www_client_internal_result_callbackhhjj
 .text._Z8checksumPhjh
                0x00002ad2       0xbc ./net/ip_arp_udp_tcp.o
                0x00002ad2                _Z8checksumPhjh
 .text._Z8init_macPh
                0x00002b8e       0x16 ./net/ip_arp_udp_tcp.o
                0x00002b8e                _Z8init_macPh
 .text._Z15client_ifconfigPhS_
                0x00002ba4       0x34 ./net/ip_arp_udp_tcp.o
                0x00002ba4                _Z15client_ifconfigPhS_
 .text._Z24check_ip_message_is_fromPhS_
                0x00002bd8       0x1e ./net/ip_arp_udp_tcp.o
                0x00002bd8                _Z24check_ip_message_is_fromPhS_
 .text._Z25eth_type_is_arp_and_my_ipPhj
                0x00002bf6       0x34 ./net/ip_arp_udp_tcp.o
                0x00002bf6                _Z25eth_type_is_arp_and_my_ipPhj
 .text._Z24eth_type_is_ip_and_my_ipPhj
                0x00002c2a       0x38 ./net/ip_arp_udp_tcp.o
                0x00002c2a                _Z24eth_type_is_ip_and_my_ipPhj
 .text._Z8make_ethPh
                0x00002c62       0x26 ./net/ip_arp_udp_tcp.o
                0x00002c62                _Z8make_ethPh
 .text._Z20fill_ip_hdr_checksumPh
                0x00002c88       0x28 ./net/ip_arp_udp_tcp.o
                0x00002c88                _Z20fill_ip_hdr_checksumPh
 .text._Z7make_ipPh
                0x00002cb0       0x26 ./net/ip_arp_udp_tcp.o
                0x00002cb0                _Z7make_ipPh
 .text._Z8step_seqPhjh
                0x00002cd6       0x2a ./net/ip_arp_udp_tcp.o
                0x00002cd6                _Z8step_seqPhjh
 .text._Z12make_tcpheadPhjh
                0x00002d00       0x28 ./net/ip_arp_udp_tcp.o
                0x00002d00                _Z12make_tcpheadPhjh
 .text._Z28make_arp_answer_from_requestPh
                0x00002d28       0x62 ./net/ip_arp_udp_tcp.o
                0x00002d28                _Z28make_arp_answer_from_requestPh
 .text._Z28make_echo_reply_from_requestPhj
                0x00002d8a       0x32 ./net/ip_arp_udp_tcp.o
                0x00002d8a                _Z28make_echo_reply_from_requestPhj
 .text._Z16get_tcp_data_lenPh
                0x00002dbc       0x34 ./net/ip_arp_udp_tcp.o
                0x00002dbc                _Z16get_tcp_data_lenPh
 .text._Z15fill_tcp_data_pPhjPKc
                0x00002df0       0x24 ./net/ip_arp_udp_tcp.o
                0x00002df0                _Z15fill_tcp_data_pPhjPKc
 .text._Z17fill_tcp_data_lenPhjPKhh
                0x00002e14       0x1e ./net/ip_arp_udp_tcp.o
                0x00002e14                _Z17fill_tcp_data_lenPhjPKhh
 .text._Z13fill_tcp_dataPhjPKc
                0x00002e32       0x14 ./net/ip_arp_udp_tcp.o
                0x00002e32                _Z13fill_tcp_dataPhjPKc
 .text._Z37www_client_internal_datafill_callbackh
                0x00002e46      0x15c ./net/ip_arp_udp_tcp.o
                0x00002e46                _Z37www_client_internal_datafill_callbackh
 .text._Z21make_tcp_ack_from_anyPhih
                0x00002fa2       0x78 ./net/ip_arp_udp_tcp.o
                0x00002fa2                _Z21make_tcp_ack_from_anyPhih
 .text._Z30make_tcp_ack_with_data_noflagsPhj
                0x0000301a       0x3e ./net/ip_arp_udp_tcp.o
                0x0000301a                _Z30make_tcp_ack_with_data_noflagsPhj
 .text._Z24make_tcp_synack_from_synPh
                0x00003058       0x66 ./net/ip_arp_udp_tcp.o
                0x00003058                _Z24make_tcp_synack_from_synPh
 .text._Z16www_server_replyPhj
                0x000030be       0x2a ./net/ip_arp_udp_tcp.o
                0x000030be                _Z16www_server_replyPhj
 .text._Z10fill_buf_pPhjPKc
                0x000030e8       0x1c ./net/ip_arp_udp_tcp.o
                0x000030e8                _Z10fill_buf_pPhjPKc
 .text._Z16send_udp_preparePhjPKhjS1_
                0x00003104       0xf2 ./net/ip_arp_udp_tcp.o
                0x00003104                _Z16send_udp_preparePhjPKhjS1_
 .text._Z17send_udp_transmitPhj
                0x000031f6       0x42 ./net/ip_arp_udp_tcp.o
                0x000031f6                _Z17send_udp_transmitPhj
 .text._Z17client_arp_whohasPhS_
                0x00003238       0xb4 ./net/ip_arp_udp_tcp.o
                0x00003238                _Z17client_arp_whohasPhS_
 .text._Z21get_mac_with_arp_waitv
                0x000032ec        0xe ./net/ip_arp_udp_tcp.o
                0x000032ec                _Z21get_mac_with_arp_waitv
 .text._Z16get_mac_with_arpPhhPFvS_hS_E
                0x000032fa       0x28 ./net/ip_arp_udp_tcp.o
                0x000032fa                _Z16get_mac_with_arpPhhPFvS_hS_E
 .text._Z14tcp_client_synPhhj
                0x00003322       0xfc ./net/ip_arp_udp_tcp.o
                0x00003322                _Z14tcp_client_synPhhj
 .text._Z14client_tcp_reqPFhhhjjEPFjhEjPhS3_
                0x0000341e       0x64 ./net/ip_arp_udp_tcp.o
                0x0000341e                _Z14client_tcp_reqPFhhhjjEPFjhEjPhS3_
 .text._Z16client_http_postPKcPcS0_S1_S1_PFvjjjEPhS4_
                0x00003482       0x9c ./net/ip_arp_udp_tcp.o
                0x00003482                _Z16client_http_postPKcPcS0_S1_S1_PFvjjjEPhS4_
 .text._Z26register_ping_rec_callbackPFvPhE
                0x0000351e        0xa ./net/ip_arp_udp_tcp.o
                0x0000351e                _Z26register_ping_rec_callbackPFvPhE
 .text._Z23packetloop_arp_icmp_tcpPhj
                0x00003528      0x37c ./net/ip_arp_udp_tcp.o
                0x00003528                _Z23packetloop_arp_icmp_tcpPhj
 .text._ZN5Morse6binaryEh
                0x000038a4       0x34 ./misc/morse.o
                0x000038a4                _ZN5Morse6binaryEh
 .text._ZN5Morse6encodeEc
                0x000038d8       0x6a ./misc/morse.o
                0x000038d8                _ZN5Morse6encodeEc
 .text._ZN5Morse6encodeEPc
                0x00003942       0x22 ./misc/morse.o
                0x00003942                _ZN5Morse6encodeEPc
 .text._ZN5Morse4initEPFvvES1_S1_
                0x00003964       0x10 ./misc/morse.o
                0x00003964                _ZN5Morse4initEPFvvES1_S1_
 .text._Z17aux_softwareresetv
                0x00003974        0x6 ./misc/utils.o
                0x00003974                _Z17aux_softwareresetv
 .text._Z11aux_ADCReadh
                0x0000397a       0x38 ./misc/utils.o
                0x0000397a                _Z11aux_ADCReadh
 .text._Z18aux_readDivVoltagefjjh
                0x000039b2       0xa6 ./misc/utils.o
                0x000039b2                _Z18aux_readDivVoltagefjjh
 .text._Z17aux_readIntRefVccv
                0x00003a58       0x4c ./misc/utils.o
                0x00003a58                _Z17aux_readIntRefVccv
 .text._Z11jsonKeyFindPcS_S_h
                0x00003aa4       0x90 ./misc/utils.o
                0x00003aa4                _Z11jsonKeyFindPcS_S_h
 .text._Z7hex2intPc
                0x00003b34       0x46 ./misc/utils.o
                0x00003b34                _Z7hex2intPc
 .text._ZN8LCD_5110C2EP10DigitalPinS1_S1_S1_S1_S1_
                0x00003b7a       0x38 ./lcd/5110.o
                0x00003b7a                _ZN8LCD_5110C1EP10DigitalPinS1_S1_S1_S1_S1_
                0x00003b7a                _ZN8LCD_5110C2EP10DigitalPinS1_S1_S1_S1_S1_
 .text._ZN8LCD_51107goto_xyEhh
                0x00003bb2       0x1a ./lcd/5110.o
                0x00003bb2                _ZN8LCD_51107goto_xyEhh
 .text._ZN8LCD_51104sendEhNS_4TypeE
                0x00003bcc       0x8c ./lcd/5110.o
                0x00003bcc                _ZN8LCD_51104sendEhNS_4TypeE
 .text._ZN8LCD_51109base_addrEj
                0x00003c58       0x2e ./lcd/5110.o
                0x00003c58                _ZN8LCD_51109base_addrEj
 .text._ZN8LCD_51105clearEv
                0x00003c86       0x34 ./lcd/5110.o
                0x00003c86                _ZN8LCD_51105clearEv
 .text._ZN8LCD_51104initEv
                0x00003cba       0x94 ./lcd/5110.o
                0x00003cba                _ZN8LCD_51104initEv
 .text._ZN8LCD_51104sendEc
                0x00003d4e       0x84 ./lcd/5110.o
                0x00003d4e                _ZN8LCD_51104sendEc
 .text._ZN8LCD_51104sendEPc
                0x00003dd2       0x22 ./lcd/5110.o
                0x00003dd2                _ZN8LCD_51104sendEPc
 .text._ZN8LCD_51104sendEPcjPKcz
                0x00003df4       0x36 ./lcd/5110.o
                0x00003df4                _ZN8LCD_51104sendEPcjPKcz
 .text._ZN8LCD_51104sendEPKc
                0x00003e2a       0x2c ./lcd/5110.o
                0x00003e2a                _ZN8LCD_51104sendEPKc
 .text._ZN8LCD_51103colEc
                0x00003e56       0x2a ./lcd/5110.o
                0x00003e56                _ZN8LCD_51103colEc
 .text._ZN8LCD_511017printPictureOnLCDEPKh
                0x00003e80       0x3e ./lcd/5110.o
                0x00003e80                _ZN8LCD_511017printPictureOnLCDEPKh
 .text._ZN8LCD_511012setBacklightEb
                0x00003ebe        0x8 ./lcd/5110.o
                0x00003ebe                _ZN8LCD_511012setBacklightEb
 .text._Z8i2c_initv
                0x00003ec6        0xc ./i2c/i2c.o
                0x00003ec6                _Z8i2c_initv
 .text._Z9i2c_starth
                0x00003ed2       0x5e ./i2c/i2c.o
                0x00003ed2                _Z9i2c_starth
 .text._Z14i2c_start_waith
                0x00003f30       0x5a ./i2c/i2c.o
                0x00003f30                _Z14i2c_start_waith
 .text._Z8i2c_stopv
                0x00003f8a       0x1a ./i2c/i2c.o
                0x00003f8a                _Z8i2c_stopv
 .text._Z9i2c_writeh
                0x00003fa4       0x32 ./i2c/i2c.o
                0x00003fa4                _Z9i2c_writeh
 .text._Z11i2c_readAckv
                0x00003fd6       0x14 ./i2c/i2c.o
                0x00003fd6                _Z11i2c_readAckv
 .text._Z11i2c_readNakv
                0x00003fea       0x22 ./i2c/i2c.o
                0x00003fea                _Z11i2c_readNakv
 .text._Z8writememhhh
                0x0000400c       0x3a ./i2c/i2c.o
                0x0000400c                _Z8writememhhh
 .text._Z7readmemhhPhh
                0x00004046       0x70 ./i2c/i2c.o
                0x00004046                _Z7readmemhhPhh
 .text._ZN10DigitalPin6configENS_4TypeE
                0x000040b6       0x26 ./gpio/DigitalPin.o
                0x000040b6                _ZN10DigitalPin6configENS_4TypeE
 .text._ZN10DigitalPin5writeEb
                0x000040dc       0x1c ./gpio/DigitalPin.o
                0x000040dc                _ZN10DigitalPin5writeEb
 .text._ZN10DigitalPin4readEv
                0x000040f8       0x20 ./gpio/DigitalPin.o
                0x000040f8                _ZN10DigitalPin4readEv
 .text._ZN10DigitalPin6toggleEv
                0x00004118       0x1e ./gpio/DigitalPin.o
                0x00004118                _ZN10DigitalPin6toggleEv
 .text._Z16aux_detectorNameh
                0x00004136       0x1e ./geiger/detectors.o
                0x00004136                _Z16aux_detectorNameh
 .text._Z18aux_detectorFactorh
                0x00004154       0x68 ./geiger/detectors.o
                0x00004154                _Z18aux_detectorFactorh
 .text._Z12aux_CPM2uSVhhm
                0x000041bc       0x40 ./geiger/detectors.o
                0x000041bc                _Z12aux_CPM2uSVhhm
 .text._ZN8INVERTER7setDutyEj
                0x000041fc       0x64 ./geiger/inverter.o
                0x000041fc                _ZN8INVERTER7setDutyEj
 .text._ZN8INVERTER7initPWMEv
                0x00004260       0x30 ./geiger/inverter.o
                0x00004260                _ZN8INVERTER7initPWMEv
 .text._ZN8INVERTER15adjustDutyCycleEjj
                0x00004290       0x6a ./geiger/inverter.o
                0x00004290                _ZN8INVERTER15adjustDutyCycleEjj
 .text._ZN8INVERTER7getDutyEv
                0x000042fa        0x8 ./geiger/inverter.o
                0x000042fa                _ZN8INVERTER7getDutyEv
 .text._ZN2UIC2EP8LCD_5110P10DigitalPinS3_P4DataPcj
                0x00004302       0x36 ./app/UI.o
                0x00004302                _ZN2UIC1EP8LCD_5110P10DigitalPinS3_P4DataPcj
                0x00004302                _ZN2UIC2EP8LCD_5110P10DigitalPinS3_P4DataPcj
 .text._ZN2UI16getSymbolBatteryEj
                0x00004338       0x2e ./app/UI.o
                0x00004338                _ZN2UI16getSymbolBatteryEj
 .text._ZN2UI10factorDoseEf
                0x00004366       0x6c ./app/UI.o
                0x00004366                _ZN2UI10factorDoseEf
 .text._ZN2UI9factorCPMEm
                0x000043d2       0x3c ./app/UI.o
                0x000043d2                _ZN2UI9factorCPMEm
 .text._ZN2UI9labelDoseEf
                0x0000440e       0x74 ./app/UI.o
                0x0000440e                _ZN2UI9labelDoseEf
 .text._ZN2UI8drawPageEv
                0x00004482      0x674 ./app/UI.o
                0x00004482                _ZN2UI8drawPageEv
 .text._ZN2UI4loopEPb
                0x00004af6      0x1d6 ./app/UI.o
                0x00004af6                _ZN2UI4loopEPb
 .text._ZN4DataC2EP11TimeCounter
                0x00004ccc       0x4e ./app/data.o
                0x00004ccc                _ZN4DataC1EP11TimeCounter
                0x00004ccc                _ZN4DataC2EP11TimeCounter
 .text._ZN4Data14getTimeCounterEv
                0x00004d1a        0x8 ./app/data.o
                0x00004d1a                _ZN4Data14getTimeCounterEv
 .text._ZN4Data11getInverterEv
                0x00004d22        0x8 ./app/data.o
                0x00004d22                _ZN4Data11getInverterEv
 .text._ZN4Data11getDeviceIDEv
                0x00004d2a        0xc ./app/data.o
                0x00004d2a                _ZN4Data11getDeviceIDEv
 .text._ZN4Data15setDeviceID_MacEm
                0x00004d36       0x1a ./app/data.o
                0x00004d36                _ZN4Data15setDeviceID_MacEm
 .text._ZN4Data15getStateSpeakerEv
                0x00004d50        0x6 ./app/data.o
                0x00004d50                _ZN4Data15getStateSpeakerEv
 .text._ZN4Data15setStateSpeakerEb
                0x00004d56        0x6 ./app/data.o
                0x00004d56                _ZN4Data15setStateSpeakerEb
 .text._ZN4Data12getStateBeepEv
                0x00004d5c        0x6 ./app/data.o
                0x00004d5c                _ZN4Data12getStateBeepEv
 .text._ZN4Data12setStateBeepEb
                0x00004d62        0x6 ./app/data.o
                0x00004d62                _ZN4Data12setStateBeepEb
 .text._ZN4Data15getStateNetworkEv
                0x00004d68        0x6 ./app/data.o
                0x00004d68                _ZN4Data15getStateNetworkEv
 .text._ZN4Data15setStateNetworkEb
                0x00004d6e        0x6 ./app/data.o
                0x00004d6e                _ZN4Data15setStateNetworkEb
 .text._ZN4Data15getStatePressedEv
                0x00004d74        0x6 ./app/data.o
                0x00004d74                _ZN4Data15getStatePressedEv
 .text._ZN4Data15setStatePressedEb
                0x00004d7a        0x6 ./app/data.o
                0x00004d7a                _ZN4Data15setStatePressedEb
 .text._ZN4Data13getStateAlarmEv
                0x00004d80        0x6 ./app/data.o
                0x00004d80                _ZN4Data13getStateAlarmEv
 .text._ZN4Data13setStateAlarmEb
                0x00004d86        0x6 ./app/data.o
                0x00004d86                _ZN4Data13setStateAlarmEb
 .text._ZN4Data12getStateReadEv
                0x00004d8c        0x6 ./app/data.o
                0x00004d8c                _ZN4Data12getStateReadEv
 .text._ZN4Data12setStateReadEb
                0x00004d92        0x6 ./app/data.o
                0x00004d92                _ZN4Data12setStateReadEb
 .text._ZN4Data12getStateSendEv
                0x00004d98        0x6 ./app/data.o
                0x00004d98                _ZN4Data12getStateSendEv
 .text._ZN4Data12setStateSendEb
                0x00004d9e        0x6 ./app/data.o
                0x00004d9e                _ZN4Data12setStateSendEb
 .text._ZN4Data11setStateDNSEh
                0x00004da4        0x6 ./app/data.o
                0x00004da4                _ZN4Data11setStateDNSEh
 .text._ZN4Data11getStateDNSEv
                0x00004daa        0x6 ./app/data.o
                0x00004daa                _ZN4Data11getStateDNSEv
 .text._ZN4Data17getBatteryVoltageEv
                0x00004db0        0x8 ./app/data.o
                0x00004db0                _ZN4Data17getBatteryVoltageEv
 .text._ZN4Data13getGeigerDoseEv
                0x00004db8       0x10 ./app/data.o
                0x00004db8                _ZN4Data13getGeigerDoseEv
 .text._ZN4Data13setGeigerDoseEd
                0x00004dc8       0x10 ./app/data.o
                0x00004dc8                _ZN4Data13setGeigerDoseEd
 .text._ZN4Data12getGeigerCPMEv
                0x00004dd8        0xc ./app/data.o
                0x00004dd8                _ZN4Data12getGeigerCPMEv
 .text._ZN4Data12setGeigerCPMEm
                0x00004de4        0xc ./app/data.o
                0x00004de4                _ZN4Data12setGeigerCPMEm
 .text._ZN4Data18getInverterVoltageEv
                0x00004df0        0x8 ./app/data.o
                0x00004df0                _ZN4Data18getInverterVoltageEv
 .text._ZN4Data15getInverterDutyEv
                0x00004df8        0x8 ./app/data.o
                0x00004df8                _ZN4Data15getInverterDutyEv
 .text._ZN4Data10getIPLocalEv
                0x00004e00        0x4 ./app/data.o
                0x00004e00                _ZN4Data10getIPLocalEv
 .text._ZN4Data11getIPRemoteEv
                0x00004e04        0x4 ./app/data.o
                0x00004e04                _ZN4Data11getIPRemoteEv
 .text._ZN4Data12getIPGatewayEv
                0x00004e08        0x4 ./app/data.o
                0x00004e08                _ZN4Data12getIPGatewayEv
 .text._ZN4Data12getIPNetmaskEv
                0x00004e0c        0x4 ./app/data.o
                0x00004e0c                _ZN4Data12getIPNetmaskEv
 .text._ZN4Data11getMACLocalEv
                0x00004e10        0x4 ./app/data.o
                0x00004e10                _ZN4Data11getMACLocalEv
 .text._ZN4Data13getMACGatewayEv
                0x00004e14        0x4 ./app/data.o
                0x00004e14                _ZN4Data13getMACGatewayEv
 .text._ZN4Data15getNetworkPingsEv
                0x00004e18        0x8 ./app/data.o
                0x00004e18                _ZN4Data15getNetworkPingsEv
 .text._ZN4Data19getNetworkPacketsOKEv
                0x00004e20        0x8 ./app/data.o
                0x00004e20                _ZN4Data19getNetworkPacketsOKEv
 .text._ZN4Data22getNetworkPacketsTotalEv
                0x00004e28        0x8 ./app/data.o
                0x00004e28                _ZN4Data22getNetworkPacketsTotalEv
 .text._ZN4Data22getNetworkSendIntervalEv
                0x00004e30        0x8 ./app/data.o
                0x00004e30                _ZN4Data22getNetworkSendIntervalEv
 .text._ZN4Data22setNetworkSendIntervalEj
                0x00004e38        0x8 ./app/data.o
                0x00004e38                _ZN4Data22setNetworkSendIntervalEj
 .text._ZN4Data18getNetworkHTTPCodeEv
                0x00004e40        0x8 ./app/data.o
                0x00004e40                _ZN4Data18getNetworkHTTPCodeEv
 .text._ZN4Data18setNetworkHTTPCodeEj
                0x00004e48        0x8 ./app/data.o
                0x00004e48                _ZN4Data18setNetworkHTTPCodeEj
 .text._ZN4Data15incNetworkPingsEv
                0x00004e50       0x10 ./app/data.o
                0x00004e50                _ZN4Data15incNetworkPingsEv
 .text._ZN4Data19incNetworkPacketsOKEv
                0x00004e60       0x10 ./app/data.o
                0x00004e60                _ZN4Data19incNetworkPacketsOKEv
 .text._ZN4Data22incNetworkPacketsTotalEv
                0x00004e70       0x10 ./app/data.o
                0x00004e70                _ZN4Data22incNetworkPacketsTotalEv
 .text._ZN4Data11initSensorsEv
                0x00004e80       0x18 ./app/data.o
                0x00004e80                _ZN4Data11initSensorsEv
 .text._ZN4Data15readSensorsFastEv
                0x00004e98       0x5c ./app/data.o
                0x00004e98                _ZN4Data15readSensorsFastEv
 .text._ZN4Data15readSensorsSlowEv
                0x00004ef4       0x1a ./app/data.o
                0x00004ef4                _ZN4Data15readSensorsSlowEv
 .text._Z19callback_timeMinutev
                0x00004f0e        0x2 ./uRADMonitor.o
                0x00004f0e                _Z19callback_timeMinutev
 .text._Z19callback_timeSecondv
                0x00004f10      0x1d0 ./uRADMonitor.o
                0x00004f10                _Z19callback_timeSecondv
 .text._Z13callback_pingPh
                0x000050e0        0x6 ./uRADMonitor.o
                0x000050e0                _Z13callback_pingPh
 .text._Z6sdelayv
                0x000050e6       0x14 ./uRADMonitor.o
                0x000050e6                _Z6sdelayv
 .text._Z16callback_browserjjj
                0x000050fa      0x14c ./uRADMonitor.o
                0x000050fa                _Z16callback_browserjjj
 .text._Z12callback_arpPhhS_
                0x00005246       0x24 ./uRADMonitor.o
                0x00005246                _Z12callback_arpPhhS_
 .text._Z5lbeepv
                0x0000526a       0x5e ./uRADMonitor.o
                0x0000526a                _Z5lbeepv
 .text._Z5sbeepv
                0x000052c8       0x3a ./uRADMonitor.o
                0x000052c8                _Z5sbeepv
 .text.__vector_6
                0x00005302       0x8c ./uRADMonitor.o
                0x00005302                __vector_6
 .text.__vector_16
                0x0000538e       0x4c ./uRADMonitor.o
                0x0000538e                __vector_16
 .text.__vector_1
                0x000053da       0x72 ./uRADMonitor.o
                0x000053da                __vector_1
 .text.startup.main
                0x0000544c      0xa1c ./uRADMonitor.o
                0x0000544c                main
 .text.startup._GLOBAL__sub_I_buffer
                0x00005e68      0x21c ./uRADMonitor.o
 .text.libgcc.mul
                0x00006084       0x12 /usr/local/CrossPack-AVR-20131216/lib/gcc/avr/4.8.1/avr5/libgcc.a(_mulpsi3.o)
                0x00006084                __mulpsi3
 .text.libgcc.mul
                0x00006096       0x1e /usr/local/CrossPack-AVR-20131216/lib/gcc/avr/4.8.1/avr5/libgcc.a(_mulsi3.o)
                0x00006096                __mulsi3
 .text.libgcc.div
                0x000060b4       0x28 /usr/local/CrossPack-AVR-20131216/lib/gcc/avr/4.8.1/avr5/libgcc.a(_udivmodhi4.o)
                0x000060b4                __udivmodhi4
 .text.libgcc.div
                0x000060dc       0x26 /usr/local/CrossPack-AVR-20131216/lib/gcc/avr/4.8.1/avr5/libgcc.a(_divmodhi4.o)
                0x000060dc                __divmodhi4
                0x000060dc                _div
 .text.libgcc.div
                0x00006102       0x44 /usr/local/CrossPack-AVR-20131216/lib/gcc/avr/4.8.1/avr5/libgcc.a(_udivmodsi4.o)
                0x00006102                __udivmodsi4
 .text.libgcc.div
                0x00006146       0x28 /usr/local/CrossPack-AVR-20131216/lib/gcc/avr/4.8.1/avr5/libgcc.a(_divmodsi4.o)
                0x00006146                __divmodsi4
 .text.libgcc.div
                0x0000616e       0x10 /usr/local/CrossPack-AVR-20131216/lib/gcc/avr/4.8.1/avr5/libgcc.a(_negsi2.o)
                0x0000616e                __negsi2
 .text.libgcc   0x0000617e        0xc /usr/local/CrossPack-AVR-20131216/lib/gcc/avr/4.8.1/avr5/libgcc.a(_tablejump.o)
                0x0000617e                __tablejump2__
                0x00006182                __tablejump__
 .text.libgcc.mul
                0x0000618a       0x1e /usr/local/CrossPack-AVR-20131216/lib/gcc/avr/4.8.1/avr5/libgcc.a(_umulhisi3.o)
                0x0000618a                __umulhisi3
 .text.libgcc.mul
                0x000061a8       0x14 /usr/local/CrossPack-AVR-20131216/lib/gcc/avr/4.8.1/avr5/libgcc.a(_muluhisi3.o)
                0x000061a8                __muluhisi3
 .text.libgcc.mul
                0x000061bc        0xc /usr/local/CrossPack-AVR-20131216/lib/gcc/avr/4.8.1/avr5/libgcc.a(_mulshisi3.o)
                0x000061bc                __mulshisi3
                0x000061c0                __mulohisi3
 .text.libgcc.prologue
                0x000061c8       0x38 /usr/local/CrossPack-AVR-20131216/lib/gcc/avr/4.8.1/avr5/libgcc.a(_prologue.o)
                0x000061c8                __prologue_saves__
 .text.libgcc.prologue
                0x00006200       0x36 /usr/local/CrossPack-AVR-20131216/lib/gcc/avr/4.8.1/avr5/libgcc.a(_epilogue.o)
                0x00006200                __epilogue_restores__
 .text.avr-libc.fplib
                0x00006236        0x8 /usr/local/CrossPack-AVR-20131216/lib/gcc/avr/4.8.1/../../../../avr/lib/avr5/libm.a(cmpsf2.o)
                0x00006236                __lesf2
                0x00006236                __nesf2
                0x00006236                __eqsf2
                0x00006236                __cmpsf2
                0x00006236                __ltsf2
 .text.avr-libc.fplib
                0x0000623e        0x4 /usr/local/CrossPack-AVR-20131216/lib/gcc/avr/4.8.1/../../../../avr/lib/avr5/libm.a(divsf3.o)
                0x0000623e                __divsf3
 .text.avr-libc.fplib
                0x00006242       0xcc /usr/local/CrossPack-AVR-20131216/lib/gcc/avr/4.8.1/../../../../avr/lib/avr5/libm.a(divsf3x.o)
                0x00006258                __divsf3x
                0x0000625c                __divsf3_pse
 .text.avr-libc.fplib
                0x0000630e       0x58 /usr/local/CrossPack-AVR-20131216/lib/gcc/avr/4.8.1/../../../../avr/lib/avr5/libm.a(fixunssfsi.o)
                0x0000630e                __fixunssfsi
 .text.avr-libc.fplib
                0x00006366       0x7a /usr/local/CrossPack-AVR-20131216/lib/gcc/avr/4.8.1/../../../../avr/lib/avr5/libm.a(floatsisf.o)
                0x00006366                __floatunsisf
                0x0000636a                __floatsisf
 .text.avr-libc.fplib
                0x000063e0       0x48 /usr/local/CrossPack-AVR-20131216/lib/gcc/avr/4.8.1/../../../../avr/lib/avr5/libm.a(fp_cmp.o)
                0x000063e0                __fp_cmp
 .text.avr-libc.fplib
                0x00006428        0xc /usr/local/CrossPack-AVR-20131216/lib/gcc/avr/4.8.1/../../../../avr/lib/avr5/libm.a(fp_inf.o)
                0x00006428                __fp_inf
 .text.avr-libc.fplib
                0x00006434        0x6 /usr/local/CrossPack-AVR-20131216/lib/gcc/avr/4.8.1/../../../../avr/lib/avr5/libm.a(fp_nan.o)
                0x00006434                __fp_nan
 .text.avr-libc.fplib
                0x0000643a        0xe /usr/local/CrossPack-AVR-20131216/lib/gcc/avr/4.8.1/../../../../avr/lib/avr5/libm.a(fp_pscA.o)
                0x0000643a                __fp_pscA
 .text.avr-libc.fplib
                0x00006448        0xe /usr/local/CrossPack-AVR-20131216/lib/gcc/avr/4.8.1/../../../../avr/lib/avr5/libm.a(fp_pscB.o)
                0x00006448                __fp_pscB
 .text.avr-libc.fplib
                0x00006456       0x22 /usr/local/CrossPack-AVR-20131216/lib/gcc/avr/4.8.1/../../../../avr/lib/avr5/libm.a(fp_round.o)
                0x00006456                __fp_round
 .text.avr-libc.fplib
                0x00006478       0x44 /usr/local/CrossPack-AVR-20131216/lib/gcc/avr/4.8.1/../../../../avr/lib/avr5/libm.a(fp_split3.o)
                0x00006478                __fp_split3
                0x00006488                __fp_splitA
 .text.avr-libc.fplib
                0x000064bc        0xe /usr/local/CrossPack-AVR-20131216/lib/gcc/avr/4.8.1/../../../../avr/lib/avr5/libm.a(fp_zero.o)
                0x000064bc                __fp_zero
                0x000064be                __fp_szero
 .text.avr-libc.fplib
                0x000064ca        0x8 /usr/local/CrossPack-AVR-20131216/lib/gcc/avr/4.8.1/../../../../avr/lib/avr5/libm.a(gesf2.o)
                0x000064ca                __gtsf2
                0x000064ca                __gesf2
 .text.avr-libc.fplib
                0x000064d2        0x4 /usr/local/CrossPack-AVR-20131216/lib/gcc/avr/4.8.1/../../../../avr/lib/avr5/libm.a(mulsf3.o)
                0x000064d2                __mulsf3
 .text.avr-libc.fplib
                0x000064d6       0xc2 /usr/local/CrossPack-AVR-20131216/lib/gcc/avr/4.8.1/../../../../avr/lib/avr5/libm.a(mulsf3x.o)
                0x000064ea                __mulsf3x
                0x000064ee                __mulsf3_pse
 .text.avr-libc
                0x00006598       0x3a /usr/local/CrossPack-AVR-20131216/lib/gcc/avr/4.8.1/../../../../avr/lib/avr5/libc.a(atoi.o)
                0x00006598                atoi
 .text.avr-libc
                0x000065d2      0x1b0 /usr/local/CrossPack-AVR-20131216/lib/gcc/avr/4.8.1/../../../../avr/lib/avr5/libc.a(ftoa_engine.o)
                0x000065d2                __ftoa_engine
 .text.avr-libc
                0x00006782        0xe /usr/local/CrossPack-AVR-20131216/lib/gcc/avr/4.8.1/../../../../avr/lib/avr5/libc.a(isblank.o)
                0x00006782                isblank
 .text.avr-libc
                0x00006790        0xe /usr/local/CrossPack-AVR-20131216/lib/gcc/avr/4.8.1/../../../../avr/lib/avr5/libc.a(strcpy_P.o)
                0x00006790                strcpy_P
 .text.avr-libc
                0x0000679e       0x16 /usr/local/CrossPack-AVR-20131216/lib/gcc/avr/4.8.1/../../../../avr/lib/avr5/libc.a(strnlen_P.o)
                0x0000679e                strnlen_P
 .text.avr-libc
                0x000067b4       0x34 /usr/local/CrossPack-AVR-20131216/lib/gcc/avr/4.8.1/../../../../avr/lib/avr5/libc.a(strstr_P.o)
                0x000067b4                strstr_P
 .text.avr-libc
                0x000067e8       0x1a /usr/local/CrossPack-AVR-20131216/lib/gcc/avr/4.8.1/../../../../avr/lib/avr5/libc.a(memcmp.o)
                0x000067e8                memcmp
 .text.avr-libc
                0x00006802       0x12 /usr/local/CrossPack-AVR-20131216/lib/gcc/avr/4.8.1/../../../../avr/lib/avr5/libc.a(memcpy.o)
                0x00006802                memcpy
 .text.avr-libc
                0x00006814       0x16 /usr/local/CrossPack-AVR-20131216/lib/gcc/avr/4.8.1/../../../../avr/lib/avr5/libc.a(strchr.o)
                0x00006814                strchr
 .text.avr-libc
                0x0000682a       0x1c /usr/local/CrossPack-AVR-20131216/lib/gcc/avr/4.8.1/../../../../avr/lib/avr5/libc.a(strncmp.o)
                0x0000682a                strncmp
 .text.avr-libc
                0x00006846       0x1e /usr/local/CrossPack-AVR-20131216/lib/gcc/avr/4.8.1/../../../../avr/lib/avr5/libc.a(strncpy.o)
                0x00006846                strncpy
 .text.avr-libc
                0x00006864       0x16 /usr/local/CrossPack-AVR-20131216/lib/gcc/avr/4.8.1/../../../../avr/lib/avr5/libc.a(strnlen.o)
                0x00006864                strnlen
 .text.avr-libc
                0x0000687a       0x34 /usr/local/CrossPack-AVR-20131216/lib/gcc/avr/4.8.1/../../../../avr/lib/avr5/libc.a(strstr.o)
                0x0000687a                strstr
 .text.avr-libc
                0x000068ae       0x14 /usr/local/CrossPack-AVR-20131216/lib/gcc/avr/4.8.1/../../../../avr/lib/avr5/libc.a(itoa_ncheck.o)
                0x000068ae                __itoa_ncheck
 .text.avr-libc
                0x000068c2       0x10 /usr/local/CrossPack-AVR-20131216/lib/gcc/avr/4.8.1/../../../../avr/lib/avr5/libc.a(mul10.o)
                0x000068c2                __mulhi_const_10
 .text.avr-libc
                0x000068d2       0x32 /usr/local/CrossPack-AVR-20131216/lib/gcc/avr/4.8.1/../../../../avr/lib/avr5/libc.a(utoa_ncheck.o)
                0x000068d2                __utoa_ncheck
                0x000068d4                __utoa_common
 .text.avr-libc
                0x00006904       0x64 /usr/local/CrossPack-AVR-20131216/lib/gcc/avr/4.8.1/../../../../avr/lib/avr5/libc.a(fputc.o)
                0x00006904                fputc
 .text.avr-libc
                0x00006968       0x40 /usr/local/CrossPack-AVR-20131216/lib/gcc/avr/4.8.1/../../../../avr/lib/avr5/libc.a(sprintf_p.o)
                0x00006968                sprintf_P
 .text.avr-libc
                0x000069a8       0x54 /usr/local/CrossPack-AVR-20131216/lib/gcc/avr/4.8.1/../../../../avr/lib/avr5/libc.a(vsnprintf_p.o)
                0x000069a8                vsnprintf_P
 .text.avr-libc
                0x000069fc       0xbc /usr/local/CrossPack-AVR-20131216/lib/gcc/avr/4.8.1/../../../../avr/lib/avr5/libc.a(ultoa_invert.o)
                0x000069fc                __ultoa_invert
 .text.avr-libc
                0x00006ab8        0xa /usr/local/CrossPack-AVR-20131216/lib/gcc/avr/4.8.1/../../../../avr/lib/avr5/libc.a(eerd_dword_atmega328p.o)
                0x00006ab8                __eerd_float_m328p
                0x00006ab8                __eerd_dword_m328p
 .text.avr-libc
                0x00006ac2        0xa /usr/local/CrossPack-AVR-20131216/lib/gcc/avr/4.8.1/../../../../avr/lib/avr5/libc.a(eerd_word_atmega328p.o)
                0x00006ac2                __eerd_word_m328p
 .text.avr-libc
                0x00006acc        0xa /usr/local/CrossPack-AVR-20131216/lib/gcc/avr/4.8.1/../../../../avr/lib/avr5/libc.a(eewr_dword_atmega328p.o)
                0x00006acc                __eewr_float_m328p
                0x00006acc                __eewr_dword_m328p
 .text.avr-libc
                0x00006ad6        0x6 /usr/local/CrossPack-AVR-20131216/lib/gcc/avr/4.8.1/../../../../avr/lib/avr5/libc.a(eewr_word_atmega328p.o)
                0x00006ad6                __eewr_word_m328p
 .text.avr-libc
                0x00006adc        0x6 /usr/local/CrossPack-AVR-20131216/lib/gcc/avr/4.8.1/../../../../avr/lib/avr5/libc.a(cty_isfalse.o)
                0x00006adc                __ctype_isfalse
                0x00006ae0                __ctype_istrue
 .text.avr-libc
                0x00006ae2       0x20 /usr/local/CrossPack-AVR-20131216/lib/gcc/avr/4.8.1/../../../../avr/lib/avr5/libc.a(strrev.o)
                0x00006ae2                strrev
 .text.avr-libc
                0x00006b02       0x20 /usr/local/CrossPack-AVR-20131216/lib/gcc/avr/4.8.1/../../../../avr/lib/avr5/libc.a(eerd_block_atmega328p.o)
                0x00006b02                __eerd_block_m328p
                0x00006b06                __eerd_blraw_m328p
 .text.avr-libc
                0x00006b22       0x1c /usr/local/CrossPack-AVR-20131216/lib/gcc/avr/4.8.1/../../../../avr/lib/avr5/libc.a(eewr_byte_atmega328p.o)
                0x00006b22                __eewr_byte_m328p
                0x00006b24                __eewr_r18_m328p
                0x00006b3e                . = ALIGN (0x2)
 *(.fini9)
 .fini9         0x00006b3e        0x0 /usr/local/CrossPack-AVR-20131216/lib/gcc/avr/4.8.1/avr5/libgcc.a(_exit.o)
                0x00006b3e                exit
                0x00006b3e                _exit
 *(.fini9)
 *(.fini8)
 *(.fini8)
 *(.fini7)
 *(.fini7)
 *(.fini6)
 *(.fini6)
 *(.fini5)
 *(.fini5)
 *(.fini4)
 *(.fini4)
 *(.fini3)
 *(.fini3)
 *(.fini2)
 *(.fini2)
 *(.fini1)
 *(.fini1)
 *(.fini0)
 .fini0         0x00006b3e        0x4 /usr/local/CrossPack-AVR-20131216/lib/gcc/avr/4.8.1/avr5/libgcc.a(_exit.o)
 *(.fini0)
                0x00006b42                _etext = .

.data           0x00800100       0xd8 load address 0x00006b42
                0x00800100                PROVIDE (__data_start, .)
 *(.data)
 .data          0x00800100        0x0 /usr/local/CrossPack-AVR-20131216/lib/gcc/avr/4.8.1/../../../../avr/lib/avr5/crtm328p.o
 .data          0x00800100        0x0 /usr/local/CrossPack-AVR-20131216/lib/gcc/avr/4.8.1/../../../../avr/lib/avr5/libprintf_flt.a(vfprintf_flt.o)
 .data          0x00800100        0x0 ./time/timecounter.o
 .data          0x00800100        0x0 ./time/watchdog.o
 .data          0x00800100        0x0 ./sensors/bme280.o
 .data          0x00800100        0x0 ./sensors/bmp180.o
 .data          0x00800100        0x0 ./net/dhcp_client.o
 .data          0x00800100        0x0 ./net/dnslkup.o
 .data          0x00800100        0x0 ./net/enc28j60.o
 .data          0x00800100        0x0 ./net/ip_arp_udp_tcp.o
 .data          0x00800100        0x0 ./misc/morse.o
 .data          0x00800100        0x0 ./misc/utils.o
 .data          0x00800100        0x0 ./lcd/5110.o
 .data          0x00800100        0x0 ./i2c/i2c.o
 .data          0x00800100        0x0 ./gpio/DigitalPin.o
 .data          0x00800100        0x0 ./geiger/detectors.o
 .data          0x00800100        0x0 ./geiger/inverter.o
 .data          0x00800100        0x0 ./app/UI.o
 .data          0x00800100        0x0 ./app/data.o
 .data          0x00800100        0x0 ./uRADMonitor.o
 .data          0x00800100        0x0 /usr/local/CrossPack-AVR-20131216/lib/gcc/avr/4.8.1/avr5/libgcc.a(_mulpsi3.o)
 .data          0x00800100        0x0 /usr/local/CrossPack-AVR-20131216/lib/gcc/avr/4.8.1/avr5/libgcc.a(_mulsi3.o)
 .data          0x00800100        0x0 /usr/local/CrossPack-AVR-20131216/lib/gcc/avr/4.8.1/avr5/libgcc.a(_udivmodhi4.o)
 .data          0x00800100        0x0 /usr/local/CrossPack-AVR-20131216/lib/gcc/avr/4.8.1/avr5/libgcc.a(_divmodhi4.o)
 .data          0x00800100        0x0 /usr/local/CrossPack-AVR-20131216/lib/gcc/avr/4.8.1/avr5/libgcc.a(_udivmodsi4.o)
 .data          0x00800100        0x0 /usr/local/CrossPack-AVR-20131216/lib/gcc/avr/4.8.1/avr5/libgcc.a(_divmodsi4.o)
 .data          0x00800100        0x0 /usr/local/CrossPack-AVR-20131216/lib/gcc/avr/4.8.1/avr5/libgcc.a(_negsi2.o)
 .data          0x00800100        0x0 /usr/local/CrossPack-AVR-20131216/lib/gcc/avr/4.8.1/avr5/libgcc.a(_exit.o)
 .data          0x00800100        0x0 /usr/local/CrossPack-AVR-20131216/lib/gcc/avr/4.8.1/avr5/libgcc.a(_tablejump.o)
 .data          0x00800100        0x0 /usr/local/CrossPack-AVR-20131216/lib/gcc/avr/4.8.1/avr5/libgcc.a(_copy_data.o)
 .data          0x00800100        0x0 /usr/local/CrossPack-AVR-20131216/lib/gcc/avr/4.8.1/avr5/libgcc.a(_clear_bss.o)
 .data          0x00800100        0x0 /usr/local/CrossPack-AVR-20131216/lib/gcc/avr/4.8.1/avr5/libgcc.a(_ctors.o)
 .data          0x00800100        0x0 /usr/local/CrossPack-AVR-20131216/lib/gcc/avr/4.8.1/avr5/libgcc.a(_umulhisi3.o)
 .data          0x00800100        0x0 /usr/local/CrossPack-AVR-20131216/lib/gcc/avr/4.8.1/avr5/libgcc.a(_muluhisi3.o)
 .data          0x00800100        0x0 /usr/local/CrossPack-AVR-20131216/lib/gcc/avr/4.8.1/avr5/libgcc.a(_mulshisi3.o)
 .data          0x00800100        0x0 /usr/local/CrossPack-AVR-20131216/lib/gcc/avr/4.8.1/avr5/libgcc.a(_prologue.o)
 .data          0x00800100        0x0 /usr/local/CrossPack-AVR-20131216/lib/gcc/avr/4.8.1/avr5/libgcc.a(_epilogue.o)
 .data          0x00800100        0x0 /usr/local/CrossPack-AVR-20131216/lib/gcc/avr/4.8.1/../../../../avr/lib/avr5/libm.a(addsf3.o)
 .data          0x00800100        0x0 /usr/local/CrossPack-AVR-20131216/lib/gcc/avr/4.8.1/../../../../avr/lib/avr5/libm.a(addsf3x.o)
 .data          0x00800100        0x0 /usr/local/CrossPack-AVR-20131216/lib/gcc/avr/4.8.1/../../../../avr/lib/avr5/libm.a(cmpsf2.o)
 .data          0x00800100        0x0 /usr/local/CrossPack-AVR-20131216/lib/gcc/avr/4.8.1/../../../../avr/lib/avr5/libm.a(divsf3.o)
 .data          0x00800100        0x0 /usr/local/CrossPack-AVR-20131216/lib/gcc/avr/4.8.1/../../../../avr/lib/avr5/libm.a(divsf3x.o)
 .data          0x00800100        0x0 /usr/local/CrossPack-AVR-20131216/lib/gcc/avr/4.8.1/../../../../avr/lib/avr5/libm.a(fixsfsi.o)
 .data          0x00800100        0x0 /usr/local/CrossPack-AVR-20131216/lib/gcc/avr/4.8.1/../../../../avr/lib/avr5/libm.a(fixunssfsi.o)
 .data          0x00800100        0x0 /usr/local/CrossPack-AVR-20131216/lib/gcc/avr/4.8.1/../../../../avr/lib/avr5/libm.a(floatsisf.o)
 .data          0x00800100        0x0 /usr/local/CrossPack-AVR-20131216/lib/gcc/avr/4.8.1/../../../../avr/lib/avr5/libm.a(fp_cmp.o)
 .data          0x00800100        0x0 /usr/local/CrossPack-AVR-20131216/lib/gcc/avr/4.8.1/../../../../avr/lib/avr5/libm.a(fp_inf.o)
 .data          0x00800100        0x0 /usr/local/CrossPack-AVR-20131216/lib/gcc/avr/4.8.1/../../../../avr/lib/avr5/libm.a(fp_nan.o)
 .data          0x00800100        0x0 /usr/local/CrossPack-AVR-20131216/lib/gcc/avr/4.8.1/../../../../avr/lib/avr5/libm.a(fp_pscA.o)
 .data          0x00800100        0x0 /usr/local/CrossPack-AVR-20131216/lib/gcc/avr/4.8.1/../../../../avr/lib/avr5/libm.a(fp_pscB.o)
 .data          0x00800100        0x0 /usr/local/CrossPack-AVR-20131216/lib/gcc/avr/4.8.1/../../../../avr/lib/avr5/libm.a(fp_round.o)
 .data          0x00800100        0x0 /usr/local/CrossPack-AVR-20131216/lib/gcc/avr/4.8.1/../../../../avr/lib/avr5/libm.a(fp_split3.o)
 .data          0x00800100        0x0 /usr/local/CrossPack-AVR-20131216/lib/gcc/avr/4.8.1/../../../../avr/lib/avr5/libm.a(fp_zero.o)
 .data          0x00800100        0x0 /usr/local/CrossPack-AVR-20131216/lib/gcc/avr/4.8.1/../../../../avr/lib/avr5/libm.a(gesf2.o)
 .data          0x00800100        0x0 /usr/local/CrossPack-AVR-20131216/lib/gcc/avr/4.8.1/../../../../avr/lib/avr5/libm.a(mulsf3.o)
 .data          0x00800100        0x0 /usr/local/CrossPack-AVR-20131216/lib/gcc/avr/4.8.1/../../../../avr/lib/avr5/libm.a(mulsf3x.o)
 .data          0x00800100        0x0 /usr/local/CrossPack-AVR-20131216/lib/gcc/avr/4.8.1/../../../../avr/lib/avr5/libm.a(pow.o)
 .data          0x00800100        0x0 /usr/local/CrossPack-AVR-20131216/lib/gcc/avr/4.8.1/../../../../avr/lib/avr5/libm.a(exp.o)
 .data          0x00800100        0x0 /usr/local/CrossPack-AVR-20131216/lib/gcc/avr/4.8.1/../../../../avr/lib/avr5/libm.a(fp_powser.o)
 .data          0x00800100        0x0 /usr/local/CrossPack-AVR-20131216/lib/gcc/avr/4.8.1/../../../../avr/lib/avr5/libm.a(inverse.o)
 .data          0x00800100        0x0 /usr/local/CrossPack-AVR-20131216/lib/gcc/avr/4.8.1/../../../../avr/lib/avr5/libm.a(ldexp.o)
 .data          0x00800100        0x0 /usr/local/CrossPack-AVR-20131216/lib/gcc/avr/4.8.1/../../../../avr/lib/avr5/libm.a(log.o)
 .data          0x00800100        0x0 /usr/local/CrossPack-AVR-20131216/lib/gcc/avr/4.8.1/../../../../avr/lib/avr5/libm.a(modf.o)
 .data          0x00800100        0x0 /usr/local/CrossPack-AVR-20131216/lib/gcc/avr/4.8.1/../../../../avr/lib/avr5/libm.a(fp_mpack.o)
 .data          0x00800100        0x0 /usr/local/CrossPack-AVR-20131216/lib/gcc/avr/4.8.1/../../../../avr/lib/avr5/libc.a(atoi.o)
 .data          0x00800100        0x0 /usr/local/CrossPack-AVR-20131216/lib/gcc/avr/4.8.1/../../../../avr/lib/avr5/libc.a(ftoa_engine.o)
 .data          0x00800100        0x0 /usr/local/CrossPack-AVR-20131216/lib/gcc/avr/4.8.1/../../../../avr/lib/avr5/libc.a(isblank.o)
 .data          0x00800100        0x0 /usr/local/CrossPack-AVR-20131216/lib/gcc/avr/4.8.1/../../../../avr/lib/avr5/libc.a(strcpy_P.o)
 .data          0x00800100        0x0 /usr/local/CrossPack-AVR-20131216/lib/gcc/avr/4.8.1/../../../../avr/lib/avr5/libc.a(strnlen_P.o)
 .data          0x00800100        0x0 /usr/local/CrossPack-AVR-20131216/lib/gcc/avr/4.8.1/../../../../avr/lib/avr5/libc.a(strstr_P.o)
 .data          0x00800100        0x0 /usr/local/CrossPack-AVR-20131216/lib/gcc/avr/4.8.1/../../../../avr/lib/avr5/libc.a(memcmp.o)
 .data          0x00800100        0x0 /usr/local/CrossPack-AVR-20131216/lib/gcc/avr/4.8.1/../../../../avr/lib/avr5/libc.a(memcpy.o)
 .data          0x00800100        0x0 /usr/local/CrossPack-AVR-20131216/lib/gcc/avr/4.8.1/../../../../avr/lib/avr5/libc.a(strchr.o)
 .data          0x00800100        0x0 /usr/local/CrossPack-AVR-20131216/lib/gcc/avr/4.8.1/../../../../avr/lib/avr5/libc.a(strncmp.o)
 .data          0x00800100        0x0 /usr/local/CrossPack-AVR-20131216/lib/gcc/avr/4.8.1/../../../../avr/lib/avr5/libc.a(strncpy.o)
 .data          0x00800100        0x0 /usr/local/CrossPack-AVR-20131216/lib/gcc/avr/4.8.1/../../../../avr/lib/avr5/libc.a(strnlen.o)
 .data          0x00800100        0x0 /usr/local/CrossPack-AVR-20131216/lib/gcc/avr/4.8.1/../../../../avr/lib/avr5/libc.a(strstr.o)
 .data          0x00800100        0x0 /usr/local/CrossPack-AVR-20131216/lib/gcc/avr/4.8.1/../../../../avr/lib/avr5/libc.a(itoa_ncheck.o)
 .data          0x00800100        0x0 /usr/local/CrossPack-AVR-20131216/lib/gcc/avr/4.8.1/../../../../avr/lib/avr5/libc.a(mul10.o)
 .data          0x00800100        0x0 /usr/local/CrossPack-AVR-20131216/lib/gcc/avr/4.8.1/../../../../avr/lib/avr5/libc.a(utoa_ncheck.o)
 .data          0x00800100        0x0 /usr/local/CrossPack-AVR-20131216/lib/gcc/avr/4.8.1/../../../../avr/lib/avr5/libc.a(fputc.o)
 .data          0x00800100        0x0 /usr/local/CrossPack-AVR-20131216/lib/gcc/avr/4.8.1/../../../../avr/lib/avr5/libc.a(sprintf_p.o)
 .data          0x00800100        0x0 /usr/local/CrossPack-AVR-20131216/lib/gcc/avr/4.8.1/../../../../avr/lib/avr5/libc.a(vsnprintf_p.o)
 .data          0x00800100        0x0 /usr/local/CrossPack-AVR-20131216/lib/gcc/avr/4.8.1/../../../../avr/lib/avr5/libc.a(ultoa_invert.o)
 .data          0x00800100        0x0 /usr/local/CrossPack-AVR-20131216/lib/gcc/avr/4.8.1/../../../../avr/lib/avr5/libc.a(eerd_dword_atmega328p.o)
 .data          0x00800100        0x0 /usr/local/CrossPack-AVR-20131216/lib/gcc/avr/4.8.1/../../../../avr/lib/avr5/libc.a(eerd_word_atmega328p.o)
 .data          0x00800100        0x0 /usr/local/CrossPack-AVR-20131216/lib/gcc/avr/4.8.1/../../../../avr/lib/avr5/libc.a(eewr_dword_atmega328p.o)
 .data          0x00800100        0x0 /usr/local/CrossPack-AVR-20131216/lib/gcc/avr/4.8.1/../../../../avr/lib/avr5/libc.a(eewr_word_atmega328p.o)
 .data          0x00800100        0x0 /usr/local/CrossPack-AVR-20131216/lib/gcc/avr/4.8.1/../../../../avr/lib/avr5/libc.a(cty_isfalse.o)
 .data          0x00800100        0x0 /usr/local/CrossPack-AVR-20131216/lib/gcc/avr/4.8.1/../../../../avr/lib/avr5/libc.a(strrev.o)
 .data          0x00800100        0x0 /usr/local/CrossPack-AVR-20131216/lib/gcc/avr/4.8.1/../../../../avr/lib/avr5/libc.a(eerd_block_atmega328p.o)
 .data          0x00800100        0x0 /usr/local/CrossPack-AVR-20131216/lib/gcc/avr/4.8.1/../../../../avr/lib/avr5/libc.a(eewr_byte_atmega328p.o)
 *(.data*)
 .data._ZZ37packetloop_dhcp_initial_ip_assignmentPhjhPcE4init
                0x00800100        0x2 ./net/dhcp_client.o
 .data._ZL5dnsip
                0x00800102        0x4 ./net/dnslkup.o
 .data._ZL4ipid
                0x00800106        0x1 ./net/ip_arp_udp_tcp.o
 .data._ZL9ipnetmask
                0x00800107        0x4 ./net/ip_arp_udp_tcp.o
 .data._ZL9wwwport_l
                0x0080010b        0x1 ./net/ip_arp_udp_tcp.o
 .data._ZL12arp_delaycnt
                0x0080010c        0x2 ./net/ip_arp_udp_tcp.o
 .data._ZL20tcpclient_src_port_l
                0x0080010e        0x1 ./net/ip_arp_udp_tcp.o
 .data._ZL6seqnum
                0x0080010f        0x1 ./net/ip_arp_udp_tcp.o
 .data._ZZN2UI16getSymbolBatteryEjE7battery
                0x00800110       0x10 ./app/UI.o
 *(.rodata)
 .rodata        0x00800120        0x6 ./net/dhcp_client.o
 *(.rodata*)
 .rodata.str1.1
                0x00800126       0x21 ./misc/morse.o
 .rodata.str1.1
                0x00800147       0x39 ./geiger/detectors.o
 .rodata.CSWTCH.1
                0x00800180       0x16 ./geiger/detectors.o
 .rodata.str1.1
                0x00800196        0xa ./app/UI.o
 .rodata.str1.1
                0x008001a0       0x38 ./uRADMonitor.o
                                 0x3b (size before relaxing)
 *(.gnu.linkonce.d*)
                0x008001d8                . = ALIGN (0x2)
                0x008001d8                _edata = .
                0x008001d8                PROVIDE (__data_end, .)

.bss            0x008001d8      0x4a5
                0x008001d8                PROVIDE (__bss_start, .)
 *(.bss)
 *(.bss*)
 .bss.g_hostname
                0x008001d8        0x2 ./net/dhcp_client.o
                0x008001d8                g_hostname
 .bss._ZL26dhcp_opt_leasetime_minutes
                0x008001da        0x2 ./net/dhcp_client.o
 .bss._ZL8dhcp_tid
                0x008001dc        0x1 ./net/dhcp_client.o
 .bss._ZL21dhcp_opt_message_type
                0x008001dd        0x1 ./net/dhcp_client.o
 .bss._ZL18dhcp_opt_server_id
                0x008001de        0x4 ./net/dhcp_client.o
 .bss._ZL13dhcp_opt_mask
                0x008001e2        0x4 ./net/dhcp_client.o
 .bss._ZL18dhcp_opt_defaultgw
                0x008001e6        0x4 ./net/dhcp_client.o
 .bss._ZL11dhcp_yiaddr
                0x008001ea        0x4 ./net/dhcp_client.o
 .bss._ZL13dhcp_6sec_cnt
                0x008001ee        0x1 ./net/dhcp_client.o
 .bss._ZL12dns_ansError
                0x008001ef        0x1 ./net/dnslkup.o
 .bss._ZL12dns_answerip
                0x008001f0        0x4 ./net/dnslkup.o
 .bss._ZL13haveDNSanswer
                0x008001f4        0x1 ./net/dnslkup.o
 .bss._ZL8dnstid_l
                0x008001f5        0x1 ./net/dnslkup.o
 .bss._ZL14gNextPacketPtr
                0x008001f6        0x2 ./net/enc28j60.o
 .bss._ZL12Enc28j60Bank
                0x008001f8        0x1 ./net/enc28j60.o
 .bss._ZL13info_data_len
                0x008001f9        0x2 ./net/ip_arp_udp_tcp.o
 .bss._ZL9wwwport_h
                0x008001fb        0x1 ./net/ip_arp_udp_tcp.o
 .bss._ZL20arp_reference_number
                0x008001fc        0x1 ./net/ip_arp_udp_tcp.o
 .bss._ZL11arpip_state
                0x008001fd        0x1 ./net/ip_arp_udp_tcp.o
 .bss._ZL5arpip
                0x008001fe        0x4 ./net/ip_arp_udp_tcp.o
 .bss.client_arp_result_callback
                0x00800202        0x2 ./net/ip_arp_udp_tcp.o
                0x00800202                client_arp_result_callback
 .bss._ZL6bufptr
                0x00800204        0x2 ./net/ip_arp_udp_tcp.o
 .bss._ZL14client_hoststr
                0x00800206        0x2 ./net/ip_arp_udp_tcp.o
 .bss._ZL17client_urlbuf_var
                0x00800208        0x2 ./net/ip_arp_udp_tcp.o
 .bss._ZL15client_urlbuf_p
                0x0080020a        0x2 ./net/ip_arp_udp_tcp.o
 .bss._ZL14client_postval
                0x0080020c        0x2 ./net/ip_arp_udp_tcp.o
 .bss._ZL27client_additionalheaderline
                0x0080020e        0x2 ./net/ip_arp_udp_tcp.o
 .bss._ZL23client_browser_callback
                0x00800210        0x2 ./net/ip_arp_udp_tcp.o
 .bss._ZL11browsertype
                0x00800212        0x1 ./net/ip_arp_udp_tcp.o
 .bss._ZL6www_fd
                0x00800213        0x1 ./net/ip_arp_udp_tcp.o
 .bss._ZL28client_tcp_datafill_callback
                0x00800214        0x2 ./net/ip_arp_udp_tcp.o
 .bss._ZL26client_tcp_result_callback
                0x00800216        0x2 ./net/ip_arp_udp_tcp.o
 .bss._ZL15tcp_client_port
                0x00800218        0x2 ./net/ip_arp_udp_tcp.o
 .bss._ZL16tcp_client_state
                0x0080021a        0x1 ./net/ip_arp_udp_tcp.o
 .bss._ZL11tcp_dst_mac
                0x0080021b        0x6 ./net/ip_arp_udp_tcp.o
 .bss._ZL16tcp_otherside_ip
                0x00800221        0x4 ./net/ip_arp_udp_tcp.o
 .bss._ZL6tcp_fd
                0x00800225        0x1 ./net/ip_arp_udp_tcp.o
 .bss._ZL13icmp_callback
                0x00800226        0x2 ./net/ip_arp_udp_tcp.o
 .bss._ZL6ipaddr
                0x00800228        0x4 ./net/ip_arp_udp_tcp.o
 .bss._ZL7macaddr
                0x0080022c        0x6 ./net/ip_arp_udp_tcp.o
 .bss._ZZN2UI9labelDoseEfE5label
                0x00800232        0xa ./app/UI.o
 .bss._ZL9ethParams
                0x0080023c       0x78 ./uRADMonitor.o
 .bss._ZL9ethBuffer
                0x008002b4      0x258 ./uRADMonitor.o
 .bss.cmdRefresh
                0x0080050c        0x1 ./uRADMonitor.o
                0x0080050c                cmdRefresh
 .bss.geigerPulses
                0x0080050d        0x4 ./uRADMonitor.o
                0x0080050d                geigerPulses
 .bss.deviceNumber
                0x00800511        0x4 ./uRADMonitor.o
                0x00800511                deviceNumber
 .bss.morse     0x00800515        0x6 ./uRADMonitor.o
                0x00800515                morse
 .bss.wd        0x0080051b        0x8 ./uRADMonitor.o
                0x0080051b                wd
 .bss.ui        0x00800523        0xd ./uRADMonitor.o
                0x00800523                ui
 .bss.data      0x00800530       0x75 ./uRADMonitor.o
                0x00800530                data
 .bss.time      0x008005a5       0x1a ./uRADMonitor.o
                0x008005a5                time
 .bss.lcd       0x008005bf        0xe ./uRADMonitor.o
                0x008005bf                lcd
 .bss.lcdCLK    0x008005cd        0x7 ./uRADMonitor.o
                0x008005cd                lcdCLK
 .bss.lcdDATA   0x008005d4        0x7 ./uRADMonitor.o
                0x008005d4                lcdDATA
 .bss.lcdDC     0x008005db        0x7 ./uRADMonitor.o
                0x008005db                lcdDC
 .bss.lcdCE     0x008005e2        0x7 ./uRADMonitor.o
                0x008005e2                lcdCE
 .bss.lcdReset  0x008005e9        0x7 ./uRADMonitor.o
                0x008005e9                lcdReset
 .bss.button    0x008005f0        0x7 ./uRADMonitor.o
                0x008005f0                button
 .bss.backlight
                0x008005f7        0x7 ./uRADMonitor.o
                0x008005f7                backlight
 .bss.speaker   0x008005fe        0x7 ./uRADMonitor.o
                0x008005fe                speaker
 .bss.buffer    0x00800605       0x78 ./uRADMonitor.o
                0x00800605                buffer
 *(COMMON)
                0x0080067d                PROVIDE (__bss_end, .)
                0x00006b42                __data_load_start = LOADADDR (.data)
                0x00006c1a                __data_load_end = (__data_load_start + SIZEOF (.data))

.noinit         0x0080067d        0x0
                0x0080067d                PROVIDE (__noinit_start, .)
 *(.noinit*)
                0x0080067d                PROVIDE (__noinit_end, .)
                0x0080067d                _end = .
                0x0080067d                PROVIDE (__heap_start, .)

.eeprom         0x00810000        0x0
 *(.eeprom*)
                0x00810000                __eeprom_end = .

.fuse
 *(.fuse)
 *(.lfuse)
 *(.hfuse)
 *(.efuse)

.lock
 *(.lock*)

.signature
 *(.signature*)

.user_signatures
 *(.user_signatures*)

.stab
 *(.stab)

.stabstr
 *(.stabstr)

.stab.excl
 *(.stab.excl)

.stab.exclstr
 *(.stab.exclstr)

.stab.index
 *(.stab.index)

.stab.indexstr
 *(.stab.indexstr)

.comment        0x00000000       0x11
 *(.comment)
 .comment       0x00000000       0x11 /usr/local/CrossPack-AVR-20131216/lib/gcc/avr/4.8.1/../../../../avr/lib/avr5/libprintf_flt.a(vfprintf_flt.o)
                                 0x12 (size before relaxing)
 .comment       0x00000000       0x12 ./time/timecounter.o
 .comment       0x00000000       0x12 ./time/watchdog.o
 .comment       0x00000000       0x12 ./sensors/bme280.o
 .comment       0x00000000       0x12 ./sensors/bmp180.o
 .comment       0x00000000       0x12 ./net/dhcp_client.o
 .comment       0x00000000       0x12 ./net/dnslkup.o
 .comment       0x00000000       0x12 ./net/enc28j60.o
 .comment       0x00000000       0x12 ./net/ip_arp_udp_tcp.o
 .comment       0x00000000       0x12 ./misc/morse.o
 .comment       0x00000000       0x12 ./misc/utils.o
 .comment       0x00000000       0x12 ./lcd/5110.o
 .comment       0x00000000       0x12 ./i2c/i2c.o
 .comment       0x00000000       0x12 ./gpio/DigitalPin.o
 .comment       0x00000000       0x12 ./geiger/detectors.o
 .comment       0x00000000       0x12 ./geiger/inverter.o
 .comment       0x00000000       0x12 ./app/UI.o
 .comment       0x00000000       0x12 ./app/data.o
 .comment       0x00000000       0x12 ./uRADMonitor.o
 .comment       0x00000000       0x12 /usr/local/CrossPack-AVR-20131216/lib/gcc/avr/4.8.1/../../../../avr/lib/avr5/libc.a(fputc.o)
 .comment       0x00000000       0x12 /usr/local/CrossPack-AVR-20131216/lib/gcc/avr/4.8.1/../../../../avr/lib/avr5/libc.a(sprintf_p.o)
 .comment       0x00000000       0x12 /usr/local/CrossPack-AVR-20131216/lib/gcc/avr/4.8.1/../../../../avr/lib/avr5/libc.a(vsnprintf_p.o)

.debug
 *(.debug)

.line
 *(.line)

.debug_srcinfo
 *(.debug_srcinfo)

.debug_sfnames
 *(.debug_sfnames)

.debug_aranges  0x00000000      0x220
 *(.debug_aranges)
 .debug_aranges
                0x00000000       0x20 /usr/local/CrossPack-AVR-20131216/lib/gcc/avr/4.8.1/avr5/libgcc.a(_mulpsi3.o)
 .debug_aranges
                0x00000020       0x20 /usr/local/CrossPack-AVR-20131216/lib/gcc/avr/4.8.1/avr5/libgcc.a(_mulsi3.o)
 .debug_aranges
                0x00000040       0x20 /usr/local/CrossPack-AVR-20131216/lib/gcc/avr/4.8.1/avr5/libgcc.a(_udivmodhi4.o)
 .debug_aranges
                0x00000060       0x20 /usr/local/CrossPack-AVR-20131216/lib/gcc/avr/4.8.1/avr5/libgcc.a(_divmodhi4.o)
 .debug_aranges
                0x00000080       0x20 /usr/local/CrossPack-AVR-20131216/lib/gcc/avr/4.8.1/avr5/libgcc.a(_udivmodsi4.o)
 .debug_aranges
                0x000000a0       0x20 /usr/local/CrossPack-AVR-20131216/lib/gcc/avr/4.8.1/avr5/libgcc.a(_divmodsi4.o)
 .debug_aranges
                0x000000c0       0x20 /usr/local/CrossPack-AVR-20131216/lib/gcc/avr/4.8.1/avr5/libgcc.a(_negsi2.o)
 .debug_aranges
                0x000000e0       0x20 /usr/local/CrossPack-AVR-20131216/lib/gcc/avr/4.8.1/avr5/libgcc.a(_exit.o)
 .debug_aranges
                0x00000100       0x20 /usr/local/CrossPack-AVR-20131216/lib/gcc/avr/4.8.1/avr5/libgcc.a(_tablejump.o)
 .debug_aranges
                0x00000120       0x20 /usr/local/CrossPack-AVR-20131216/lib/gcc/avr/4.8.1/avr5/libgcc.a(_copy_data.o)
 .debug_aranges
                0x00000140       0x20 /usr/local/CrossPack-AVR-20131216/lib/gcc/avr/4.8.1/avr5/libgcc.a(_clear_bss.o)
 .debug_aranges
                0x00000160       0x20 /usr/local/CrossPack-AVR-20131216/lib/gcc/avr/4.8.1/avr5/libgcc.a(_ctors.o)
 .debug_aranges
                0x00000180       0x20 /usr/local/CrossPack-AVR-20131216/lib/gcc/avr/4.8.1/avr5/libgcc.a(_umulhisi3.o)
 .debug_aranges
                0x000001a0       0x20 /usr/local/CrossPack-AVR-20131216/lib/gcc/avr/4.8.1/avr5/libgcc.a(_muluhisi3.o)
 .debug_aranges
                0x000001c0       0x20 /usr/local/CrossPack-AVR-20131216/lib/gcc/avr/4.8.1/avr5/libgcc.a(_mulshisi3.o)
 .debug_aranges
                0x000001e0       0x20 /usr/local/CrossPack-AVR-20131216/lib/gcc/avr/4.8.1/avr5/libgcc.a(_prologue.o)
 .debug_aranges
                0x00000200       0x20 /usr/local/CrossPack-AVR-20131216/lib/gcc/avr/4.8.1/avr5/libgcc.a(_epilogue.o)

.debug_pubnames
 *(.debug_pubnames)

.debug_info     0x00000000      0xc9e
 *(.debug_info)
 .debug_info    0x00000000       0xbe /usr/local/CrossPack-AVR-20131216/lib/gcc/avr/4.8.1/avr5/libgcc.a(_mulpsi3.o)
 .debug_info    0x000000be       0xbe /usr/local/CrossPack-AVR-20131216/lib/gcc/avr/4.8.1/avr5/libgcc.a(_mulsi3.o)
 .debug_info    0x0000017c       0xbe /usr/local/CrossPack-AVR-20131216/lib/gcc/avr/4.8.1/avr5/libgcc.a(_udivmodhi4.o)
 .debug_info    0x0000023a       0xbe /usr/local/CrossPack-AVR-20131216/lib/gcc/avr/4.8.1/avr5/libgcc.a(_divmodhi4.o)
 .debug_info    0x000002f8       0xbe /usr/local/CrossPack-AVR-20131216/lib/gcc/avr/4.8.1/avr5/libgcc.a(_udivmodsi4.o)
 .debug_info    0x000003b6       0xbe /usr/local/CrossPack-AVR-20131216/lib/gcc/avr/4.8.1/avr5/libgcc.a(_divmodsi4.o)
 .debug_info    0x00000474       0xbe /usr/local/CrossPack-AVR-20131216/lib/gcc/avr/4.8.1/avr5/libgcc.a(_negsi2.o)
 .debug_info    0x00000532       0xbe /usr/local/CrossPack-AVR-20131216/lib/gcc/avr/4.8.1/avr5/libgcc.a(_exit.o)
 .debug_info    0x000005f0       0xbe /usr/local/CrossPack-AVR-20131216/lib/gcc/avr/4.8.1/avr5/libgcc.a(_tablejump.o)
 .debug_info    0x000006ae       0xbe /usr/local/CrossPack-AVR-20131216/lib/gcc/avr/4.8.1/avr5/libgcc.a(_copy_data.o)
 .debug_info    0x0000076c       0xbe /usr/local/CrossPack-AVR-20131216/lib/gcc/avr/4.8.1/avr5/libgcc.a(_clear_bss.o)
 .debug_info    0x0000082a       0xbe /usr/local/CrossPack-AVR-20131216/lib/gcc/avr/4.8.1/avr5/libgcc.a(_ctors.o)
 .debug_info    0x000008e8       0xbe /usr/local/CrossPack-AVR-20131216/lib/gcc/avr/4.8.1/avr5/libgcc.a(_umulhisi3.o)
 .debug_info    0x000009a6       0xbe /usr/local/CrossPack-AVR-20131216/lib/gcc/avr/4.8.1/avr5/libgcc.a(_muluhisi3.o)
 .debug_info    0x00000a64       0xbe /usr/local/CrossPack-AVR-20131216/lib/gcc/avr/4.8.1/avr5/libgcc.a(_mulshisi3.o)
 .debug_info    0x00000b22       0xbe /usr/local/CrossPack-AVR-20131216/lib/gcc/avr/4.8.1/avr5/libgcc.a(_prologue.o)
 .debug_info    0x00000be0       0xbe /usr/local/CrossPack-AVR-20131216/lib/gcc/avr/4.8.1/avr5/libgcc.a(_epilogue.o)
 *(.gnu.linkonce.wi.*)

.debug_abbrev   0x00000000      0x154
 *(.debug_abbrev)
 .debug_abbrev  0x00000000       0x14 /usr/local/CrossPack-AVR-20131216/lib/gcc/avr/4.8.1/avr5/libgcc.a(_mulpsi3.o)
 .debug_abbrev  0x00000014       0x14 /usr/local/CrossPack-AVR-20131216/lib/gcc/avr/4.8.1/avr5/libgcc.a(_mulsi3.o)
 .debug_abbrev  0x00000028       0x14 /usr/local/CrossPack-AVR-20131216/lib/gcc/avr/4.8.1/avr5/libgcc.a(_udivmodhi4.o)
 .debug_abbrev  0x0000003c       0x14 /usr/local/CrossPack-AVR-20131216/lib/gcc/avr/4.8.1/avr5/libgcc.a(_divmodhi4.o)
 .debug_abbrev  0x00000050       0x14 /usr/local/CrossPack-AVR-20131216/lib/gcc/avr/4.8.1/avr5/libgcc.a(_udivmodsi4.o)
 .debug_abbrev  0x00000064       0x14 /usr/local/CrossPack-AVR-20131216/lib/gcc/avr/4.8.1/avr5/libgcc.a(_divmodsi4.o)
 .debug_abbrev  0x00000078       0x14 /usr/local/CrossPack-AVR-20131216/lib/gcc/avr/4.8.1/avr5/libgcc.a(_negsi2.o)
 .debug_abbrev  0x0000008c       0x14 /usr/local/CrossPack-AVR-20131216/lib/gcc/avr/4.8.1/avr5/libgcc.a(_exit.o)
 .debug_abbrev  0x000000a0       0x14 /usr/local/CrossPack-AVR-20131216/lib/gcc/avr/4.8.1/avr5/libgcc.a(_tablejump.o)
 .debug_abbrev  0x000000b4       0x14 /usr/local/CrossPack-AVR-20131216/lib/gcc/avr/4.8.1/avr5/libgcc.a(_copy_data.o)
 .debug_abbrev  0x000000c8       0x14 /usr/local/CrossPack-AVR-20131216/lib/gcc/avr/4.8.1/avr5/libgcc.a(_clear_bss.o)
 .debug_abbrev  0x000000dc       0x14 /usr/local/CrossPack-AVR-20131216/lib/gcc/avr/4.8.1/avr5/libgcc.a(_ctors.o)
 .debug_abbrev  0x000000f0       0x14 /usr/local/CrossPack-AVR-20131216/lib/gcc/avr/4.8.1/avr5/libgcc.a(_umulhisi3.o)
 .debug_abbrev  0x00000104       0x14 /usr/local/CrossPack-AVR-20131216/lib/gcc/avr/4.8.1/avr5/libgcc.a(_muluhisi3.o)
 .debug_abbrev  0x00000118       0x14 /usr/local/CrossPack-AVR-20131216/lib/gcc/avr/4.8.1/avr5/libgcc.a(_mulshisi3.o)
 .debug_abbrev  0x0000012c       0x14 /usr/local/CrossPack-AVR-20131216/lib/gcc/avr/4.8.1/avr5/libgcc.a(_prologue.o)
 .debug_abbrev  0x00000140       0x14 /usr/local/CrossPack-AVR-20131216/lib/gcc/avr/4.8.1/avr5/libgcc.a(_epilogue.o)

.debug_line     0x00000000      0x6aa
 *(.debug_line)
 .debug_line    0x00000000       0x5d /usr/local/CrossPack-AVR-20131216/lib/gcc/avr/4.8.1/avr5/libgcc.a(_mulpsi3.o)
 .debug_line    0x0000005d       0x65 /usr/local/CrossPack-AVR-20131216/lib/gcc/avr/4.8.1/avr5/libgcc.a(_mulsi3.o)
 .debug_line    0x000000c2       0x6a /usr/local/CrossPack-AVR-20131216/lib/gcc/avr/4.8.1/avr5/libgcc.a(_udivmodhi4.o)
 .debug_line    0x0000012c       0x69 /usr/local/CrossPack-AVR-20131216/lib/gcc/avr/4.8.1/avr5/libgcc.a(_divmodhi4.o)
 .debug_line    0x00000195       0x78 /usr/local/CrossPack-AVR-20131216/lib/gcc/avr/4.8.1/avr5/libgcc.a(_udivmodsi4.o)
 .debug_line    0x0000020d       0x6a /usr/local/CrossPack-AVR-20131216/lib/gcc/avr/4.8.1/avr5/libgcc.a(_divmodsi4.o)
 .debug_line    0x00000277       0x58 /usr/local/CrossPack-AVR-20131216/lib/gcc/avr/4.8.1/avr5/libgcc.a(_negsi2.o)
 .debug_line    0x000002cf       0x58 /usr/local/CrossPack-AVR-20131216/lib/gcc/avr/4.8.1/avr5/libgcc.a(_exit.o)
 .debug_line    0x00000327       0x5c /usr/local/CrossPack-AVR-20131216/lib/gcc/avr/4.8.1/avr5/libgcc.a(_tablejump.o)
 .debug_line    0x00000383       0x61 /usr/local/CrossPack-AVR-20131216/lib/gcc/avr/4.8.1/avr5/libgcc.a(_copy_data.o)
 .debug_line    0x000003e4       0x5e /usr/local/CrossPack-AVR-20131216/lib/gcc/avr/4.8.1/avr5/libgcc.a(_clear_bss.o)
 .debug_line    0x00000442       0x60 /usr/local/CrossPack-AVR-20131216/lib/gcc/avr/4.8.1/avr5/libgcc.a(_ctors.o)
 .debug_line    0x000004a2       0x65 /usr/local/CrossPack-AVR-20131216/lib/gcc/avr/4.8.1/avr5/libgcc.a(_umulhisi3.o)
 .debug_line    0x00000507       0x60 /usr/local/CrossPack-AVR-20131216/lib/gcc/avr/4.8.1/avr5/libgcc.a(_muluhisi3.o)
 .debug_line    0x00000567       0x5c /usr/local/CrossPack-AVR-20131216/lib/gcc/avr/4.8.1/avr5/libgcc.a(_mulshisi3.o)
 .debug_line    0x000005c3       0x74 /usr/local/CrossPack-AVR-20131216/lib/gcc/avr/4.8.1/avr5/libgcc.a(_prologue.o)
 .debug_line    0x00000637       0x73 /usr/local/CrossPack-AVR-20131216/lib/gcc/avr/4.8.1/avr5/libgcc.a(_epilogue.o)

.debug_frame
 *(.debug_frame)

.debug_str
 *(.debug_str)

.debug_loc
 *(.debug_loc)

.debug_macinfo
 *(.debug_macinfo)

.debug_pubtypes
 *(.debug_pubtypes)

.debug_ranges
 *(.debug_ranges)

.debug_macro
 *(.debug_macro)
OUTPUT(uradmonitor-KIT1-EXP.elf elf32-avr)
LOAD linker stubs

Cross Reference Table

Symbol                                            File
BME280::begin(unsigned char)                      ./sensors/bme280.o
                                                  ./app/data.o
BME280::getcalibration()                          ./sensors/bme280.o
BME280::read16(unsigned char)                     ./sensors/bme280.o
BME280::read16LE(unsigned char)                   ./sensors/bme280.o
BME280::readSensors(double*, unsigned long*, double*) ./sensors/bme280.o
                                                  ./app/data.o
BME280::uread16(unsigned char)                    ./sensors/bme280.o
BME280::uread16LE(unsigned char)                  ./sensors/bme280.o
BME280::uread8(unsigned char)                     ./sensors/bme280.o
BMP180::begin()                                   ./sensors/bmp180.o
BMP180::convertAltitude(long)                     ./sensors/bmp180.o
BMP180::convertRawPressure(long)                  ./sensors/bmp180.o
BMP180::convertRawTemperature(long)               ./sensors/bmp180.o
BMP180::getcalibration()                          ./sensors/bmp180.o
BMP180::readAltitude()                            ./sensors/bmp180.o
BMP180::readPressure()                            ./sensors/bmp180.o
BMP180::readRawPressure(long)                     ./sensors/bmp180.o
BMP180::readRawTemperature()                      ./sensors/bmp180.o
BMP180::readSensors(double*, unsigned long*, double*) ./sensors/bmp180.o
BMP180::readTemperature()                         ./sensors/bmp180.o
Data::Data(TimeCounter*)                          ./app/data.o
                                                  ./uRADMonitor.o
Data::Data(TimeCounter*)                          ./app/data.o
Data::getBatteryVoltage()                         ./app/data.o
                                                  ./app/UI.o
Data::getDeviceID()                               ./app/data.o
                                                  ./uRADMonitor.o
                                                  ./app/UI.o
Data::getGeigerCPM()                              ./app/data.o
                                                  ./uRADMonitor.o
                                                  ./app/UI.o
Data::getGeigerDose()                             ./app/data.o
                                                  ./app/UI.o
Data::getIPGateway()                              ./app/data.o
                                                  ./uRADMonitor.o
                                                  ./app/UI.o
Data::getIPLocal()                                ./app/data.o
                                                  ./uRADMonitor.o
                                                  ./app/UI.o
Data::getIPNetmask()                              ./app/data.o
                                                  ./uRADMonitor.o
                                                  ./app/UI.o
Data::getIPRemote()                               ./app/data.o
                                                  ./uRADMonitor.o
                                                  ./app/UI.o
Data::getInverter()                               ./app/data.o
                                                  ./uRADMonitor.o
Data::getInverterDuty()                           ./app/data.o
                                                  ./uRADMonitor.o
                                                  ./app/UI.o
Data::getInverterVoltage()                        ./app/data.o
                                                  ./uRADMonitor.o
                                                  ./app/UI.o
Data::getMACGateway()                             ./app/data.o
                                                  ./uRADMonitor.o
Data::getMACLocal()                               ./app/data.o
                                                  ./uRADMonitor.o
Data::getNetworkHTTPCode()                        ./app/data.o
                                                  ./uRADMonitor.o
Data::getNetworkPacketsOK()                       ./app/data.o
                                                  ./uRADMonitor.o
                                                  ./app/UI.o
Data::getNetworkPacketsTotal()                    ./app/data.o
                                                  ./uRADMonitor.o
                                                  ./app/UI.o
Data::getNetworkPings()                           ./app/data.o
                                                  ./app/UI.o
Data::getNetworkSendInterval()                    ./app/data.o
                                                  ./uRADMonitor.o
                                                  ./app/UI.o
Data::getStateAlarm()                             ./app/data.o
                                                  ./uRADMonitor.o
                                                  ./app/UI.o
Data::getStateBeep()                              ./app/data.o
                                                  ./app/UI.o
Data::getStateDNS()                               ./app/data.o
                                                  ./uRADMonitor.o
Data::getStateNetwork()                           ./app/data.o
                                                  ./uRADMonitor.o
                                                  ./app/UI.o
Data::getStatePressed()                           ./app/data.o
                                                  ./app/UI.o
Data::getStateRead()                              ./app/data.o
                                                  ./app/UI.o
Data::getStateSend()                              ./app/data.o
                                                  ./uRADMonitor.o
Data::getStateSpeaker()                           ./app/data.o
                                                  ./uRADMonitor.o
                                                  ./app/UI.o
Data::getTimeCounter()                            ./app/data.o
                                                  ./app/UI.o
Data::incNetworkPacketsOK()                       ./app/data.o
                                                  ./uRADMonitor.o
Data::incNetworkPacketsTotal()                    ./app/data.o
                                                  ./uRADMonitor.o
Data::incNetworkPings()                           ./app/data.o
                                                  ./uRADMonitor.o
Data::initSensors()                               ./app/data.o
                                                  ./uRADMonitor.o
Data::readSensorsFast()                           ./app/data.o
                                                  ./app/UI.o
Data::readSensorsSlow()                           ./app/data.o
                                                  ./app/UI.o
Data::setBatteryVoltage(unsigned int)             ./app/data.o
Data::setDeviceID_Mac(unsigned long)              ./app/data.o
                                                  ./uRADMonitor.o
Data::setGeigerCPM(unsigned long)                 ./app/data.o
                                                  ./uRADMonitor.o
                                                  ./app/UI.o
Data::setGeigerDose(double)                       ./app/data.o
                                                  ./uRADMonitor.o
Data::setInverterDuty(unsigned int)               ./app/data.o
Data::setInverterVoltage(unsigned int)            ./app/data.o
Data::setNetworkHTTPCode(unsigned int)            ./app/data.o
                                                  ./uRADMonitor.o
Data::setNetworkSendInterval(unsigned int)        ./app/data.o
                                                  ./uRADMonitor.o
Data::setStateAlarm(bool)                         ./app/data.o
                                                  ./uRADMonitor.o
                                                  ./app/UI.o
Data::setStateBeep(bool)                          ./app/data.o
                                                  ./uRADMonitor.o
                                                  ./app/UI.o
Data::setStateDNS(unsigned char)                  ./app/data.o
                                                  ./uRADMonitor.o
Data::setStateNetwork(bool)                       ./app/data.o
                                                  ./uRADMonitor.o
Data::setStatePressed(bool)                       ./app/data.o
                                                  ./app/UI.o
Data::setStateRead(bool)                          ./app/data.o
                                                  ./uRADMonitor.o
                                                  ./app/UI.o
Data::setStateSend(bool)                          ./app/data.o
                                                  ./uRADMonitor.o
Data::setStateSpeaker(bool)                       ./app/data.o
                                                  ./uRADMonitor.o
                                                  ./app/UI.o
DigitalPin::config(DigitalPin::Type)              ./gpio/DigitalPin.o
                                                  ./uRADMonitor.o
DigitalPin::read()                                ./gpio/DigitalPin.o
                                                  ./uRADMonitor.o
                                                  ./app/UI.o
DigitalPin::toggle()                              ./gpio/DigitalPin.o
                                                  ./uRADMonitor.o
DigitalPin::write(bool)                           ./gpio/DigitalPin.o
                                                  ./uRADMonitor.o
                                                  ./app/UI.o
                                                  ./lcd/5110.o
INVERTER::adjustDutyCycle(unsigned int, unsigned int) ./geiger/inverter.o
                                                  ./app/data.o
INVERTER::getDuty()                               ./geiger/inverter.o
                                                  ./app/data.o
INVERTER::initPWM()                               ./geiger/inverter.o
                                                  ./uRADMonitor.o
INVERTER::setDuty(unsigned int)                   ./geiger/inverter.o
LCD_5110::LCD_5110(DigitalPin*, DigitalPin*, DigitalPin*, DigitalPin*, DigitalPin*, DigitalPin*) ./lcd/5110.o
                                                  ./uRADMonitor.o
LCD_5110::LCD_5110(DigitalPin*, DigitalPin*, DigitalPin*, DigitalPin*, DigitalPin*, DigitalPin*) ./lcd/5110.o
LCD_5110::base_addr(unsigned int)                 ./lcd/5110.o
LCD_5110::clear()                                 ./lcd/5110.o
                                                  ./uRADMonitor.o
                                                  ./app/UI.o
LCD_5110::clear_area(unsigned char, unsigned char, unsigned char) ./lcd/5110.o
LCD_5110::clear_line(unsigned char)               ./lcd/5110.o
LCD_5110::col(char)                               ./lcd/5110.o